Component: ARM Compiler 5.05 (build 41) Tool: armlink [4d0eb9]

==============================================================================

Section Cross References

    main.o(i.main) refers to main.o(i.JTAG_Set) for JTAG_Set
    main.o(i.main) refers to delay.o(i.delay_init) for delay_init
    main.o(i.main) refers to misc.o(i.NVIC_PriorityGroupConfig) for NVIC_PriorityGroupConfig
    main.o(i.main) refers to usart.o(i.uart_init) for uart_init
    main.o(i.main) refers to led.o(i.LED_Init) for LED_Init
    main.o(i.main) refers to key.o(i.KEY_Init) for KEY_Init
    main.o(i.main) refers to timer.o(i.TIM3_Int_Init) for TIM3_Int_Init
    main.o(i.main) refers to lcd.o(i.LCD_Init) for LCD_Init
    main.o(i.main) refers to lcd.o(i.LCD_ShowString) for LCD_ShowString
    main.o(i.main) refers to stm32f10x_gpio.o(i.GPIO_SetBits) for GPIO_SetBits
    main.o(i.main) refers to delay.o(i.delay_ms) for delay_ms
    main.o(i.main) refers to lcd.o(i.LCD_Fill) for LCD_Fill
    main.o(i.main) refers to ov7670.o(i.OV7670_Init) for OV7670_Init
    main.o(i.main) refers to exti.o(i.EXTI11_Init) for EXTI11_Init
    main.o(i.main) refers to ov7670.o(i.OV7670_Window_Set) for OV7670_Window_Set
    main.o(i.main) refers to lcd.o(i.LCD_Clear) for LCD_Clear
    main.o(i.main) refers to oled.o(i.OLED_Init) for OLED_Init
    main.o(i.main) refers to oled.o(i.OLED_Display_On) for OLED_Display_On
    main.o(i.main) refers to oled.o(i.myOledShowInfo) for myOledShowInfo
    main.o(i.main) refers to oled.o(i.OLED_Refresh_Gram) for OLED_Refresh_Gram
    main.o(i.main) refers to grey.o(i.changMidGrey) for changMidGrey
    main.o(i.main) refers to grey.o(i.cameraOperation) for cameraOperation
    main.o(i.main) refers to lcd.o(.data) for POINT_COLOR
    system_stm32f10x.o(i.SystemCoreClockUpdate) refers to system_stm32f10x.o(.data) for .data
    system_stm32f10x.o(i.SystemInit) refers to system_stm32f10x.o(i.SetSysClockTo72) for SetSysClockTo72
    led.o(i.LED_Init) refers to stm32f10x_rcc.o(i.RCC_APB2PeriphClockCmd) for RCC_APB2PeriphClockCmd
    led.o(i.LED_Init) refers to stm32f10x_gpio.o(i.GPIO_Init) for GPIO_Init
    led.o(i.LED_Init) refers to stm32f10x_gpio.o(i.GPIO_SetBits) for GPIO_SetBits
    key.o(i.KEY_Init) refers to stm32f10x_rcc.o(i.RCC_APB2PeriphClockCmd) for RCC_APB2PeriphClockCmd
    key.o(i.KEY_Init) refers to stm32f10x_gpio.o(i.GPIO_Init) for GPIO_Init
    key.o(i.KEY_Scan) refers to stm32f10x_gpio.o(i.GPIO_ReadInputDataBit) for GPIO_ReadInputDataBit
    key.o(i.KEY_Scan) refers to delay.o(i.delay_ms) for delay_ms
    key.o(i.KEY_Scan) refers to key.o(.data) for .data
    lcd.o(i.LCD_Clear) refers to lcd.o(i.LCD_SetCursor) for LCD_SetCursor
    lcd.o(i.LCD_Clear) refers to lcd.o(i.LCD_WriteRAM_Prepare) for LCD_WriteRAM_Prepare
    lcd.o(i.LCD_Clear) refers to lcd.o(.bss) for .bss
    lcd.o(i.LCD_Color_Fill) refers to lcd.o(i.LCD_SetCursor) for LCD_SetCursor
    lcd.o(i.LCD_Color_Fill) refers to lcd.o(i.LCD_WriteRAM_Prepare) for LCD_WriteRAM_Prepare
    lcd.o(i.LCD_DisplayOff) refers to lcd.o(i.LCD_WriteReg) for LCD_WriteReg
    lcd.o(i.LCD_DisplayOff) refers to lcd.o(.bss) for .bss
    lcd.o(i.LCD_DisplayOn) refers to lcd.o(i.LCD_WriteReg) for LCD_WriteReg
    lcd.o(i.LCD_DisplayOn) refers to lcd.o(.bss) for .bss
    lcd.o(i.LCD_Display_Dir) refers to lcd.o(i.LCD_Scan_Dir) for LCD_Scan_Dir
    lcd.o(i.LCD_Display_Dir) refers to lcd.o(.bss) for .bss
    lcd.o(i.LCD_DrawLine) refers to lcd.o(i.LCD_DrawPoint) for LCD_DrawPoint
    lcd.o(i.LCD_DrawPoint) refers to lcd.o(i.LCD_SetCursor) for LCD_SetCursor
    lcd.o(i.LCD_DrawPoint) refers to lcd.o(i.LCD_WriteRAM_Prepare) for LCD_WriteRAM_Prepare
    lcd.o(i.LCD_DrawPoint) refers to lcd.o(.data) for .data
    lcd.o(i.LCD_DrawRectangle) refers to lcd.o(i.LCD_DrawLine) for LCD_DrawLine
    lcd.o(i.LCD_Draw_Circle) refers to lcd.o(i.LCD_DrawPoint) for LCD_DrawPoint
    lcd.o(i.LCD_Fast_DrawPoint) refers to lcd.o(i.LCD_WriteReg) for LCD_WriteReg
    lcd.o(i.LCD_Fast_DrawPoint) refers to lcd.o(.bss) for .bss
    lcd.o(i.LCD_Fill) refers to lcd.o(i.LCD_SetCursor) for LCD_SetCursor
    lcd.o(i.LCD_Fill) refers to lcd.o(i.LCD_WriteRAM_Prepare) for LCD_WriteRAM_Prepare
    lcd.o(i.LCD_Fill) refers to lcd.o(.bss) for .bss
    lcd.o(i.LCD_Init) refers to _printf_percent.o(.ARM.Collect$$_printf_percent$$00000000) for _printf_percent
    lcd.o(i.LCD_Init) refers to _printf_x.o(.ARM.Collect$$_printf_percent$$0000000C) for _printf_x
    lcd.o(i.LCD_Init) refers to _printf_hex_int.o(.text) for _printf_longlong_hex
    lcd.o(i.LCD_Init) refers to stm32f10x_rcc.o(i.RCC_AHBPeriphClockCmd) for RCC_AHBPeriphClockCmd
    lcd.o(i.LCD_Init) refers to stm32f10x_rcc.o(i.RCC_APB2PeriphClockCmd) for RCC_APB2PeriphClockCmd
    lcd.o(i.LCD_Init) refers to stm32f10x_gpio.o(i.GPIO_Init) for GPIO_Init
    lcd.o(i.LCD_Init) refers to stm32f10x_fsmc.o(i.FSMC_NORSRAMInit) for FSMC_NORSRAMInit
    lcd.o(i.LCD_Init) refers to stm32f10x_fsmc.o(i.FSMC_NORSRAMCmd) for FSMC_NORSRAMCmd
[...]
    .text                                    0x0800039c   Section        0  _printf_hex_int.o(.text)
    .text                                    0x080003f4   Section        0  __printf_flags_ss_wp.o(.text)
    .text                                    0x0800057c   Section       68  rt_memclr.o(.text)
    .text                                    0x080005c0   Section       78  rt_memclr_w.o(.text)
    .text                                    0x0800060e   Section        0  heapauxi.o(.text)
    .text                                    0x08000614   Section        2  use_no_semi.o(.text)
    .text                                    0x08000616   Section        0  _printf_intcommon.o(.text)
    .text                                    0x080006c8   Section        0  _printf_char.o(.text)
    .text                                    0x080006f4   Section        0  _printf_char_file.o(.text)
    .text                                    0x08000718   Section        0  _printf_char_common.o(.text)
    _printf_input_char                       0x08000719   Thumb Code    10  _printf_char_common.o(.text)
    .text                                    0x08000748   Section        0  ferror.o(.text)
    .text                                    0x08000750   Section       74  sys_stackheap_outer.o(.text)
    .text                                    0x0800079a   Section        0  exit.o(.text)
    .text                                    0x080007a8   Section        8  libspace.o(.text)
    i.BusFault_Handler                       0x080007b0   Section        0  stm32f10x_it.o(i.BusFault_Handler)
    i.DebugMon_Handler                       0x080007b2   Section        0  stm32f10x_it.o(i.DebugMon_Handler)
    i.EXTI0_IRQHandler                       0x080007b4   Section        0  exti.o(i.EXTI0_IRQHandler)
    i.EXTI11_Init                            0x080007ec   Section        0  exti.o(i.EXTI11_Init)
    i.EXTI15_10_IRQHandler                   0x08000830   Section        0  exti.o(i.EXTI15_10_IRQHandler)
    i.EXTI2_IRQHandler                       0x08000874   Section        0  exti.o(i.EXTI2_IRQHandler)
    i.EXTI3_IRQHandler                       0x080008ac   Section        0  exti.o(i.EXTI3_IRQHandler)
    i.EXTI4_IRQHandler                       0x080008e4   Section        0  exti.o(i.EXTI4_IRQHandler)
    i.EXTI_ClearITPendingBit                 0x0800091c   Section        0  stm32f10x_exti.o(i.EXTI_ClearITPendingBit)
    i.EXTI_GetITStatus                       0x08000928   Section        0  stm32f10x_exti.o(i.EXTI_GetITStatus)
    i.EXTI_Init                              0x08000948   Section        0  stm32f10x_exti.o(i.EXTI_Init)
    i.FSMC_NORSRAMCmd                        0x080009b8   Section        0  stm32f10x_fsmc.o(i.FSMC_NORSRAMCmd)
    i.FSMC_NORSRAMInit                       0x080009d8   Section        0  stm32f10x_fsmc.o(i.FSMC_NORSRAMInit)
    i.GPIO_EXTILineConfig                    0x08000aa0   Section        0  stm32f10x_gpio.o(i.GPIO_EXTILineConfig)
    i.GPIO_Init                              0x08000ac8   Section        0  stm32f10x_gpio.o(i.GPIO_Init)
    i.GPIO_ReadInputDataBit                  0x08000b64   Section        0  stm32f10x_gpio.o(i.GPIO_ReadInputDataBit)
    i.GPIO_ResetBits                         0x08000b72   Section        0  stm32f10x_gpio.o(i.GPIO_ResetBits)
    i.GPIO_SetBits                           0x08000b76   Section        0  stm32f10x_gpio.o(i.GPIO_SetBits)
    i.HardFault_Handler                      0x08000b7a   Section        0  stm32f10x_it.o(i.HardFault_Handler)
    i.JTAG_Set                               0x08000b7c   Section        0  main.o(i.JTAG_Set)
    i.KEY_Init                               0x08000ba4   Section        0  key.o(i.KEY_Init)
    i.KEY_Scan                               0x08000be0   Section        0  key.o(i.KEY_Scan)
    i.LCD_Clear                              0x08000cac   Section        0  lcd.o(i.LCD_Clear)
    i.LCD_Display_Dir                        0x08000d18   Section        0  lcd.o(i.LCD_Display_Dir)
    i.LCD_Fast_DrawPoint                     0x08000e4c   Section        0  lcd.o(i.LCD_Fast_DrawPoint)
    i.LCD_Fill                               0x08000f68   Section        0  lcd.o(i.LCD_Fill)
    i.LCD_Init                               0x08000ff4   Section        0  lcd.o(i.LCD_Init)
    i.LCD_RD_DATA                            0x08003e0c   Section        0  lcd.o(i.LCD_RD_DATA)
    i.LCD_ReadReg                            0x08003e20   Section        0  lcd.o(i.LCD_ReadReg)
    i.LCD_SSD_BackLightSet                   0x08003e38   Section        0  lcd.o(i.LCD_SSD_BackLightSet)
    i.LCD_Scan_Dir                           0x08003e74   Section        0  lcd.o(i.LCD_Scan_Dir)
    i.LCD_SetCursor                          0x0800401c   Section        0  lcd.o(i.LCD_SetCursor)
    i.LCD_Set_Window                         0x08004164   Section        0  lcd.o(i.LCD_Set_Window)
    i.LCD_ShowChar                           0x080042e0   Section        0  lcd.o(i.LCD_ShowChar)
    i.LCD_ShowString                         0x080043ac   Section        0  lcd.o(i.LCD_ShowString)
    i.LCD_WriteRAM_Prepare                   0x08004400   Section        0  lcd.o(i.LCD_WriteRAM_Prepare)
    i.LCD_WriteReg                           0x08004414   Section        0  lcd.o(i.LCD_WriteReg)
    i.LED_Init                               0x08004424   Section        0  led.o(i.LED_Init)
    i.MemManage_Handler                      0x08004474   Section        0  stm32f10x_it.o(i.MemManage_Handler)
    i.NMI_Handler                            0x08004476   Section        0  stm32f10x_it.o(i.NMI_Handler)
    i.NVIC_Init                              0x08004478   Section        0  misc.o(i.NVIC_Init)
    i.NVIC_PriorityGroupConfig               0x080044dc   Section        0  misc.o(i.NVIC_PriorityGroupConfig)
    i.OLED_Clear                             0x080044f0   Section        0  oled.o(i.OLED_Clear)
    i.OLED_Display_On                        0x0800451c   Section        0  oled.o(i.OLED_Display_On)
    i.OLED_DrawPoint                         0x0800453c   Section        0  oled.o(i.OLED_DrawPoint)
    i.OLED_Init                              0x08004578   Section        0  oled.o(i.OLED_Init)
    i.OLED_Refresh_Gram                      0x08004688   Section        0  oled.o(i.OLED_Refresh_Gram)
    i.OLED_ShowChar                          0x080046d0   Section        0  oled.o(i.OLED_ShowChar)
    i.OLED_ShowString                        0x08004754   Section        0  oled.o(i.OLED_ShowString)
    i.OLED_WR_Byte                           0x08004794   Section        0  oled.o(i.OLED_WR_Byte)
    i.OV7670_Init                            0x080047f8   Section        0  ov7670.o(i.OV7670_Init)
    i.OV7670_Window_Set                      0x08004914   Section        0  ov7670.o(i.OV7670_Window_Set)
    i.PendSV_Handler                         0x08004982   Section        0  stm32f10x_it.o(i.PendSV_Handler)
    i.RCC_AHBPeriphClockCmd                  0x08004984   Section        0  stm32f10x_rcc.o(i.RCC_AHBPeriphClockCmd)
    i.RCC_APB1PeriphClockCmd                 0x0800499c   Section        0  stm32f10x_rcc.o(i.RCC_APB1PeriphClockCmd)
    i.RCC_APB2PeriphClockCmd                 0x080049b4   Section        0  stm32f10x_rcc.o(i.RCC_APB2PeriphClockCmd)
    i.RCC_GetClocksFreq                      0x080049cc   Section        0  stm32f10x_rcc.o(i.RCC_GetClocksFreq)
    i.SCCB_Init                              0x08004a60   Section        0  sccb.o(i.SCCB_Init)
    i.SCCB_No_Ack                            0x08004ac0   Section        0  sccb.o(i.SCCB_No_Ack)
    i.SCCB_RD_Byte                           0x08004af8   Section        0  sccb.o(i.SCCB_RD_Byte)
    i.SCCB_RD_Reg                            0x08004b64   Section        0  sccb.o(i.SCCB_RD_Reg)
    i.SCCB_Start                             0x08004bb0   Section        0  sccb.o(i.SCCB_Start)
    i.SCCB_Stop                              0x08004bdc   Section        0  sccb.o(i.SCCB_Stop)
    i.SCCB_WR_Byte                           0x08004c0c   Section        0  sccb.o(i.SCCB_WR_Byte)
    i.SCCB_WR_Reg                            0x08004c94   Section        0  sccb.o(i.SCCB_WR_Reg)
    i.SVC_Handler                            0x08004cd2   Section        0  stm32f10x_it.o(i.SVC_Handler)
    i.SetSysClockTo72                        0x08004cd4   Section        0  system_stm32f10x.o(i.SetSysClockTo72)
    SetSysClockTo72                          0x08004cd5   Thumb Code   160  system_stm32f10x.o(i.SetSysClockTo72)
    i.SysTick_CLKSourceConfig                0x08004d7c   Section        0  misc.o(i.SysTick_CLKSourceConfig)
    i.SysTick_Handler                        0x08004d94   Section        0  stm32f10x_it.o(i.SysTick_Handler)
    i.SystemInit                             0x08004d98   Section        0  system_stm32f10x.o(i.SystemInit)
    i.TIM3_IRQHandler                        0x08004de8   Section        0  timer.o(i.TIM3_IRQHandler)
    i.TIM3_Int_Init                          0x08004e30   Section        0  timer.o(i.TIM3_Int_Init)
    i.TIM4_IRQHandler                        0x08004e90   Section        0  usmart.o(i.TIM4_IRQHandler)
    i.TIM5_IRQHandler                        0x08004ecc   Section        0  timer.o(i.TIM5_IRQHandler)
    i.TIM6_IRQHandler                        0x08004f54   Section        0  timer.o(i.TIM6_IRQHandler)
    i.TIM_ClearFlag                          0x08004f94   Section        0  stm32f10x_tim.o(i.TIM_ClearFlag)
    i.TIM_ClearITPendingBit                  0x08004f9a   Section        0  stm32f10x_tim.o(i.TIM_ClearITPendingBit)
    i.TIM_Cmd                                0x08004fa0   Section        0  stm32f10x_tim.o(i.TIM_Cmd)
    i.TIM_GetCapture1                        0x08004fb4   Section        0  stm32f10x_tim.o(i.TIM_GetCapture1)
    i.TIM_GetCounter                         0x08004fb8   Section        0  stm32f10x_tim.o(i.TIM_GetCounter)
    i.TIM_GetFlagStatus                      0x08004fbc   Section        0  stm32f10x_tim.o(i.TIM_GetFlagStatus)
    i.TIM_GetITStatus                        0x08004fca   Section        0  stm32f10x_tim.o(i.TIM_GetITStatus)
    i.TIM_ITConfig                           0x08004fe2   Section        0  stm32f10x_tim.o(i.TIM_ITConfig)
    i.TIM_OC1PolarityConfig                  0x08004ff2   Section        0  stm32f10x_tim.o(i.TIM_OC1PolarityConfig)
    i.TIM_SetAutoreload                      0x08004ffe   Section        0  stm32f10x_tim.o(i.TIM_SetAutoreload)
    i.TIM_SetCounter                         0x08005002   Section        0  stm32f10x_tim.o(i.TIM_SetCounter)
    i.TIM_TimeBaseInit                       0x08005008   Section        0  stm32f10x_tim.o(i.TIM_TimeBaseInit)
    i.Timer4_Init                            0x080050a4   Section        0  usmart.o(i.Timer4_Init)
    i.USART1_IRQHandler                      0x08005104   Section        0  usart.o(i.USART1_IRQHandler)
    i.USART_Cmd                              0x08005168   Section        0  stm32f10x_usart.o(i.USART_Cmd)
    i.USART_GetITStatus                      0x0800517c   Section        0  stm32f10x_usart.o(i.USART_GetITStatus)
    i.USART_ITConfig                         0x080051ba   Section        0  stm32f10x_usart.o(i.USART_ITConfig)
    i.USART_Init                             0x080051ec   Section        0  stm32f10x_usart.o(i.USART_Init)
    i.USART_ReceiveData                      0x08005298   Section        0  stm32f10x_usart.o(i.USART_ReceiveData)
    i.UsageFault_Handler                     0x080052a0   Section        0  stm32f10x_it.o(i.UsageFault_Handler)
    i._is_digit                              0x080052a2   Section        0  __printf_wp.o(i._is_digit)
    i._sys_exit                              0x080052b0   Section        0  usart.o(i._sys_exit)
    i.cameraOperation                        0x080052b4   Section        0  grey.o(i.cameraOperation)
    i.cameraRefresh                          0x08005318   Section        0  grey.o(i.cameraRefresh)
    i.changMidGrey                           0x08005438   Section        0  grey.o(i.changMidGrey)
    i.delay_init                             0x08005474   Section        0  delay.o(i.delay_init)
    i.delay_ms                               0x080054b0   Section        0  delay.o(i.delay_ms)
    i.delay_us                               0x080054e4   Section        0  delay.o(i.delay_us)
    i.fputc                                  0x08005518   Section        0  usart.o(i.fputc)
    i.getCmdByDeviLoc                        0x08005530   Section        0  grey.o(i.getCmdByDeviLoc)
    i.getCmdBySlope                          0x0800563c   Section        0  sendcmd.o(i.getCmdBySlope)
    i.getLineEdge                            0x08005760   Section        0  grey.o(i.getLineEdge)
    i.getLineLocCompare2MidLine              0x080057d0   Section        0  grey.o(i.getLineLocCompare2MidLine)
    i.getLineWidth                           0x08005954   Section        0  grey.o(i.getLineWidth)
    i.getOneSideUsefulLine                   0x080059c0   Section        0  grey.o(i.getOneSideUsefulLine)
    i.getUsefulLine                          0x08005ac0   Section        0  grey.o(i.getUsefulLine)
    i.main                                   0x08005b74   Section        0  main.o(i.main)
    i.memsetBothBlackLoc                     0x08005cc8   Section        0  grey.o(i.memsetBothBlackLoc)
    i.myOledShowInfo                         0x08005ce4   Section        0  oled.o(i.myOledShowInfo)
    i.printToUart                            0x08005d0c   Section        0  grey.o(i.printToUart)
    i.read_addr                              0x08005d68   Section        0  usmart.o(i.read_addr)
    i.regression                             0x08005d6c   Section        0  leastsquare.o(i.regression)
    i.uart_init                              0x08005ef8   Section        0  usart.o(i.uart_init)
    i.usmart_cmd_rec                         0x08005f98   Section        0  usmart.o(i.usmart_cmd_rec)
    i.usmart_exe                             0x0800602c   Section        0  usmart.o(i.usmart_exe)
    i.usmart_get_aparm                       0x0800628c   Section        0  usmart_str.o(i.usmart_get_aparm)
    i.usmart_get_cmdname                     0x08006328   Section        0  usmart_str.o(i.usmart_get_cmdname)
    i.usmart_get_fname                       0x08006358   Section        0  usmart_str.o(i.usmart_get_fname)
    i.usmart_get_fparam                      0x080064c0   Section        0  usmart_str.o(i.usmart_get_fparam)
    i.usmart_get_parmpos                     0x08006590   Section        0  usmart_str.o(i.usmart_get_parmpos)
    i.usmart_get_runtime                     0x080065b4   Section        0  usmart.o(i.usmart_get_runtime)
    i.usmart_init                            0x080065ec   Section        0  usmart.o(i.usmart_init)
    i.usmart_pow                             0x08006614   Section        0  usmart_str.o(i.usmart_pow)
    i.usmart_reset_runtime                   0x08006624   Section        0  usmart.o(i.usmart_reset_runtime)
    i.usmart_scan                            0x08006654   Section        0  usmart.o(i.usmart_scan)
    i.usmart_search_nextc                    0x080066f8   Section        0  usmart_str.o(i.usmart_search_nextc)
    i.usmart_str2num                         0x08006708   Section        0  usmart_str.o(i.usmart_str2num)
    i.usmart_strcmp                          0x080067a8   Section        0  usmart_str.o(i.usmart_strcmp)
    i.usmart_strcopy                         0x080067c0   Section        0  usmart_str.o(i.usmart_strcopy)
    i.usmart_strlen                          0x080067d2   Section        0  usmart_str.o(i.usmart_strlen)
    i.usmart_sys_cmd_exe                     0x080067e4   Section        0  usmart.o(i.usmart_sys_cmd_exe)
    i.write_addr                             0x08006e54   Section        0  usmart.o(i.write_addr)
    x$fpl$dadd                               0x08006e58   Section      336  daddsub_clz.o(x$fpl$dadd)
    _dadd1                                   0x08006e69   Thumb Code     0  daddsub_clz.o(x$fpl$dadd)
    x$fpl$dcmpinf                            0x08006fa8   Section       24  dcmpi.o(x$fpl$dcmpinf)
    x$fpl$ddiv                               0x08006fc0   Section      688  ddiv.o(x$fpl$ddiv)
    ddiv_entry                               0x08006fc7   Thumb Code     0  ddiv.o(x$fpl$ddiv)
    x$fpl$deqf                               0x08007270   Section      120  deqf.o(x$fpl$deqf)
    x$fpl$dfixu                              0x080072e8   Section       90  dfixu.o(x$fpl$dfixu)
    x$fpl$dflt                               0x08007342   Section       46  dflt_clz.o(x$fpl$dflt)
    x$fpl$dfltu                              0x08007370   Section       38  dflt_clz.o(x$fpl$dfltu)
    x$fpl$dleqf                              0x08007398   Section      120  dleqf.o(x$fpl$dleqf)
    x$fpl$dmul                               0x08007410   Section      340  dmul.o(x$fpl$dmul)
    x$fpl$dnaninf                            0x08007564   Section      156  dnaninf.o(x$fpl$dnaninf)
    x$fpl$dretinf                            0x08007600   Section       12  dretinf.o(x$fpl$dretinf)
    x$fpl$drleqf                             0x0800760c   Section      108  drleqf.o(x$fpl$drleqf)
    x$fpl$drsb                               0x08007678   Section       22  daddsub_clz.o(x$fpl$drsb)
    x$fpl$dsub                               0x08007690   Section      468  daddsub_clz.o(x$fpl$dsub)
    _dsub1                                   0x080076a1   Thumb Code     0  daddsub_clz.o(x$fpl$dsub)
    .constdata                               0x08007864   Section     6080  lcd.o(.constdata)
    x$fpl$usenofp                            0x08007864   Section        0  usenofp.o(x$fpl$usenofp)
    .constdata                               0x08009024   Section      342  ov7670.o(.constdata)
    .constdata                               0x0800917a   Section     2660  oled.o(.constdata)
    .constdata                               0x08009bde   Section       40  _printf_hex_int.o(.constdata)
    uc_hextab                                0x08009bde   Data          20  _printf_hex_int.o(.constdata)
    lc_hextab                                0x08009bf2   Data          20  _printf_hex_int.o(.constdata)
    .constdata                               0x08009c06   Section       17  __printf_flags_ss_wp.o(.constdata)
    maptable                                 0x08009c06   Data          17  __printf_flags_ss_wp.o(.constdata)
    .conststring                             0x08009c18   Section       40  usmart.o(.conststring)
    .conststring                             0x08009c40   Section      223  usmart_config.o(.conststring)
    .data                                    0x20000000   Section        4  main.o(.data)
    .data                                    0x20000004   Section        4  main.o(.data)
    .data                                    0x20000008   Section       20  system_stm32f10x.o(.data)
    .data                                    0x2000001c   Section        1  key.o(.data)
    key_up                                   0x2000001c   Data           1  key.o(.data)
    .data                                    0x2000001e   Section        4  lcd.o(.data)
    .data                                    0x20000022   Section        1  exti.o(.data)
    .data                                    0x20000024   Section        4  timer.o(.data)
    .data                                    0x20000028   Section        8  grey.o(.data)
    .data                                    0x20000030   Section        8  leastsquare.o(.data)
    .data                                    0x20000038   Section        1  leastsquare.o(.data)
    .data                                    0x2000003a   Section        4  delay.o(.data)
    fac_us                                   0x2000003a   Data           1  delay.o(.data)
    fac_ms                                   0x2000003c   Data           2  delay.o(.data)
    .data                                    0x2000003e   Section        2  usart.o(.data)
    .data                                    0x20000040   Section        4  usart.o(.data)
    .data                                    0x20000044   Section       20  stm32f10x_rcc.o(.data)
    ADCPrescTable                            0x20000044   Data           4  stm32f10x_rcc.o(.data)
    APBAHBPrescTable                         0x20000048   Data          16  stm32f10x_rcc.o(.data)
    .data                                    0x20000058   Section       28  usmart.o(.data)
    .data                                    0x20000074   Section       56  usmart_config.o(.data)
    .data                                    0x200000ac   Section      244  usmart_config.o(.data)
    .bss                                     0x200001a0   Section       14  lcd.o(.bss)
    .bss                                     0x200001ae   Section     9680  grey.o(.bss)
    .bss                                     0x2000277e   Section     1024  oled.o(.bss)
    .bss                                     0x20002b7e   Section      200  usart.o(.bss)
    .bss                                     0x20002c48   Section       96  libspace.o(.bss)
    HEAP                                     0x20002ca8   Section        0  startup_stm32f10x_hd.o(HEAP)
    STACK                                    0x20002ca8   Section     1024  startup_stm32f10x_hd.o(STACK)
    Heap_Mem                                 0x20002ca8   Data           0  startup_stm32f10x_hd.o(HEAP)
    Stack_Mem                                0x20002ca8   Data        1024  startup_stm32f10x_hd.o(STACK)
    __initial_sp                             0x200030a8   Data           0  startup_stm32f10x_hd.o(STACK)

    Global Symbols

    Symbol Name                              Value     Ov Type        Size  Object(Section)

    BuildAttributes$$THM_ISAv4$P$D$K$B$S$PE$A:L22UL41UL21$X:L11$S22US41US21$IEEE1$IW$USESV6$~STKCKD$USESV7$~SHL$OSPACE$ROPI$EBA8$UX$STANDARDLIB$REQ8$PRES8$EABIv2 0x00000000   Number         0  anon$$obj.o ABSOLUTE
    __ARM_use_no_argv                        0x00000000   Number         0  main.o ABSOLUTE
    _printf_flags                            0x00000000   Number         0  printf_stubs.o ABSOLUTE
    _printf_return_value                     0x00000000   Number         0  printf_stubs.o ABSOLUTE
    _printf_sizespec                         0x00000000   Number         0  printf_stubs.o ABSOLUTE
    _printf_widthprec                        0x00000000   Number         0  printf_stubs.o ABSOLUTE
    __ARM_exceptions_init                     - Undefined Weak Reference
    __alloca_initialize                       - Undefined Weak Reference
    __arm_preinit_                            - Undefined Weak Reference
    __cpp_initialize__aeabi_                  - Undefined Weak Reference
    __cxa_finalize                            - Undefined Weak Reference
    __rt_locale                               - Undefined Weak Reference
    __sigvec_lookup                           - Undefined Weak Reference
    _atexit_init                              - Undefined Weak Reference
    _call_atexit_fns                          - Undefined Weak Reference
    _clock_init                               - Undefined Weak Reference
    _fp_trap_init                             - Undefined Weak Reference
    _fp_trap_shutdown                         - Undefined Weak Reference
    _get_lc_collate                           - Undefined Weak Reference
    _get_lc_ctype                             - Undefined Weak Reference
    _get_lc_monetary                          - Undefined Weak Reference
    _get_lc_numeric                           - Undefined Weak Reference
    _get_lc_time                              - Undefined Weak Reference
    _getenv_init                              - Undefined Weak Reference
    _handle_redirection                       - Undefined Weak Reference
    _init_alloc                               - Undefined Weak Reference
    _init_user_alloc                          - Undefined Weak Reference
    _initio                                   - Undefined Weak Reference
    _mutex_acquire                            - Undefined Weak Reference
    _mutex_release                            - Undefined Weak Reference
    _printf_mbtowc                            - Undefined Weak Reference
    _printf_truncate_signed                   - Undefined Weak Reference
    _printf_truncate_unsigned                 - Undefined Weak Reference
    _rand_init                                - Undefined Weak Reference
    _signal_finish                            - Undefined Weak Reference
    _signal_init                              - Undefined Weak Reference
    _terminate_alloc                          - Undefined Weak Reference
    _terminate_user_alloc                     - Undefined Weak Reference
    _terminateio                              - Undefined Weak Reference
    __Vectors_Size                           0x00000130   Number         0  startup_stm32f10x_hd.o ABSOLUTE
    __Vectors                                0x08000000   Data           4  startup_stm32f10x_hd.o(RESET)
    __Vectors_End                            0x08000130   Data           0  startup_stm32f10x_hd.o(RESET)
    __main                                   0x08000131   Thumb Code     8  __main.o(!!!main)
    __scatterload                            0x08000139   Thumb Code     0  __scatter.o(!!!scatter)
    __scatterload_rt2                        0x08000139   Thumb Code    44  __scatter.o(!!!scatter)
    __scatterload_rt2_thumb_only             0x08000139   Thumb Code     0  __scatter.o(!!!scatter)
    __scatterload_null                       0x08000147   Thumb Code     0  __scatter.o(!!!scatter)
    __decompress                             0x0800016d   Thumb Code    90  __dczerorl2.o(!!dczerorl2)
    __decompress1                            0x0800016d   Thumb Code     0  __dczerorl2.o(!!dczerorl2)
    __scatterload_zeroinit                   0x080001c9   Thumb Code    28  __scatter_zi.o(!!handler_zi)
    _printf_d                                0x080001e5   Thumb Code     0  _printf_d.o(.ARM.Collect$$_printf_percent$$00000009)
    _printf_percent                          0x080001e5   Thumb Code     0  _printf_percent.o(.ARM.Collect$$_printf_percent$$00000000)
    _printf_u                                0x080001eb   Thumb Code     0  _printf_u.o(.ARM.Collect$$_printf_percent$$0000000A)
    _printf_x                                0x080001f1   Thumb Code     0  _printf_x.o(.ARM.Collect$$_printf_percent$$0000000C)
    _printf_c                                0x080001f7   Thumb Code     0  _printf_c.o(.ARM.Collect$$_printf_percent$$00000013)
    _printf_s                                0x080001fd   Thumb Code     0  _printf_s.o(.ARM.Collect$$_printf_percent$$00000014)
    _printf_percent_end                      0x08000203   Thumb Code     0  _printf_percent_end.o(.ARM.Collect$$_printf_percent$$00000017)
    __rt_lib_init                            0x08000207   Thumb Code     0  libinit.o(.ARM.Collect$$libinit$$00000000)
    __rt_lib_init_alloca_1                   0x08000209   Thumb Code     0  libinit2.o(.ARM.Collect$$libinit$$0000002E)
    __rt_lib_init_argv_1                     0x08000209   Thumb Code     0  libinit2.o(.ARM.Collect$$libinit$$0000002C)
    __rt_lib_init_atexit_1                   0x08000209   Thumb Code     0  libinit2.o(.ARM.Collect$$libinit$$0000001B)
    __rt_lib_init_clock_1                    0x08000209   Thumb Code     0  libinit2.o(.ARM.Collect$$libinit$$00000021)
    __rt_lib_init_cpp_1                      0x08000209   Thumb Code     0  libinit2.o(.ARM.Collect$$libinit$$00000032)
    __rt_lib_init_exceptions_1               0x08000209   Thumb Code     0  libinit2.o(.ARM.Collect$$libinit$$00000030)
    __rt_lib_init_fp_1                       0x08000209   Thumb Code     0  libinit2.o(.ARM.Collect$$libinit$$00000002)
    __rt_lib_init_fp_trap_1                  0x08000209   Thumb Code     0  libinit2.o(.ARM.Collect$$libinit$$0000001F)
    __rt_lib_init_getenv_1                   0x08000209   Thumb Code     0  libinit2.o(.ARM.Collect$$libinit$$00000023)
    __rt_lib_init_heap_1                     0x08000209   Thumb Code     0  libinit2.o(.ARM.Collect$$libinit$$0000000A)
    __rt_lib_init_lc_collate_1               0x08000209   Thumb Code     0  libinit2.o(.ARM.Collect$$libinit$$00000011)
    __rt_lib_init_lc_ctype_1                 0x08000209   Thumb Code     0  libinit2.o(.ARM.Collect$$libinit$$00000013)
    __rt_lib_init_lc_monetary_1              0x08000209   Thumb Code     0  libinit2.o(.ARM.Collect$$libinit$$00000015)
    __rt_lib_init_lc_numeric_1               0x08000209   Thumb Code     0  libinit2.o(.ARM.Collect$$libinit$$00000017)
    __rt_lib_init_lc_time_1                  0x08000209   Thumb Code     0  libinit2.o(.ARM.Collect$$libinit$$00000019)
    __rt_lib_init_preinit_1                  0x08000209   Thumb Code     0  libinit2.o(.ARM.Collect$$libinit$$00000004)
    __rt_lib_init_rand_1                     0x08000209   Thumb Code     0  libinit2.o(.ARM.Collect$$libinit$$0000000E)
    __rt_lib_init_return                     0x08000209   Thumb Code     0  libinit2.o(.ARM.Collect$$libinit$$00000033)
    __rt_lib_init_signal_1                   0x08000209   Thumb Code     0  libinit2.o(.ARM.Collect$$libinit$$0000001D)
    __rt_lib_init_stdio_1                    0x08000209   Thumb Code     0  libinit2.o(.ARM.Collect$$libinit$$00000025)
    __rt_lib_init_user_alloc_1               0x08000209   Thumb Code     0  libinit2.o(.ARM.Collect$$libinit$$0000000C)
    __rt_lib_shutdown                        0x0800020b   Thumb Code     0  libshutdown.o(.ARM.Collect$$libshutdown$$00000000)
    __rt_lib_shutdown_fp_trap_1              0x0800020d   Thumb Code     0  libshutdown2.o(.ARM.Collect$$libshutdown$$00000006)
    __rt_lib_shutdown_heap_1                 0x0800020d   Thumb Code     0  libshutdown2.o(.ARM.Collect$$libshutdown$$0000000E)
    __rt_lib_shutdown_return                 0x0800020d   Thumb Code     0  libshutdown2.o(.ARM.Collect$$libshutdown$$0000000F)
    __rt_lib_shutdown_signal_1               0x0800020d   Thumb Code     0  libshutdown2.o(.ARM.Collect$$libshutdown$$00000009)
    __rt_lib_shutdown_stdio_1                0x0800020d   Thumb Code     0  libshutdown2.o(.ARM.Collect$$libshutdown$$00000003)
    __rt_lib_shutdown_user_alloc_1           0x0800020d   Thumb Code     0  libshutdown2.o(.ARM.Collect$$libshutdown$$0000000B)
    __rt_entry                               0x0800020f   Thumb Code     0  __rtentry.o(.ARM.Collect$$rtentry$$00000000)
    __rt_entry_presh_1                       0x0800020f   Thumb Code     0  __rtentry2.o(.ARM.Collect$$rtentry$$00000002)
    __rt_entry_sh                            0x0800020f   Thumb Code     0  __rtentry4.o(.ARM.Collect$$rtentry$$00000004)
    __rt_entry_li                            0x08000215   Thumb Code     0  __rtentry2.o(.ARM.Collect$$rtentry$$0000000A)
    __rt_entry_postsh_1                      0x08000215   Thumb Code     0  __rtentry2.o(.ARM.Collect$$rtentry$$00000009)
    __rt_entry_main                          0x08000219   Thumb Code     0  __rtentry2.o(.ARM.Collect$$rtentry$$0000000D)
    __rt_entry_postli_1                      0x08000219   Thumb Code     0  __rtentry2.o(.ARM.Collect$$rtentry$$0000000C)
    __rt_exit                                0x08000221   Thumb Code     0  rtexit.o(.ARM.Collect$$rtexit$$00000000)
    __rt_exit_ls                             0x08000223   Thumb Code     0  rtexit2.o(.ARM.Collect$$rtexit$$00000003)
    __rt_exit_prels_1                        0x08000223   Thumb Code     0  rtexit2.o(.ARM.Collect$$rtexit$$00000002)
    __rt_exit_exit                           0x08000227   Thumb Code     0  rtexit2.o(.ARM.Collect$$rtexit$$00000004)
    Reset_Handler                            0x0800022d   Thumb Code     8  startup_stm32f10x_hd.o(.text)
    ADC1_2_IRQHandler                        0x08000247   Thumb Code     0  startup_stm32f10x_hd.o(.text)
    ADC3_IRQHandler                          0x08000247   Thumb Code     0  startup_stm32f10x_hd.o(.text)
    CAN1_RX1_IRQHandler                      0x08000247   Thumb Code     0  startup_stm32f10x_hd.o(.text)
    CAN1_SCE_IRQHandler                      0x08000247   Thumb Code     0  startup_stm32f10x_hd.o(.text)
    DMA1_Channel1_IRQHandler                 0x08000247   Thumb Code     0  startup_stm32f10x_hd.o(.text)
    DMA1_Channel2_IRQHandler                 0x08000247   Thumb Code     0  startup_stm32f10x_hd.o(.text)
    DMA1_Channel3_IRQHandler                 0x08000247   Thumb Code     0  startup_stm32f10x_hd.o(.text)
    DMA1_Channel4_IRQHandler                 0x08000247   Thumb Code     0  startup_stm32f10x_hd.o(.text)
    DMA1_Channel5_IRQHandler                 0x08000247   Thumb Code     0  startup_stm32f10x_hd.o(.text)
    DMA1_Channel6_IRQHandler                 0x08000247   Thumb Code     0  startup_stm32f10x_hd.o(.text)
    DMA1_Channel7_IRQHandler                 0x08000247   Thumb Code     0  startup_stm32f10x_hd.o(.text)
    DMA2_Channel1_IRQHandler                 0x08000247   Thumb Code     0  startup_stm32f10x_hd.o(.text)
    DMA2_Channel2_IRQHandler                 0x08000247   Thumb Code     0  startup_stm32f10x_hd.o(.text)
    DMA2_Channel3_IRQHandler                 0x08000247   Thumb Code     0  startup_stm32f10x_hd.o(.text)
    DMA2_Channel4_5_IRQHandler               0x08000247   Thumb Code     0  startup_stm32f10x_hd.o(.text)
    EXTI1_IRQHandler                         0x08000247   Thumb Code     0  startup_stm32f10x_hd.o(.text)
    EXTI9_5_IRQHandler                       0x08000247   Thumb Code     0  startup_stm32f10x_hd.o(.text)
    FLASH_IRQHandler                         0x08000247   Thumb Code     0  startup_stm32f10x_hd.o(.text)
    FSMC_IRQHandler                          0x08000247   Thumb Code     0  startup_stm32f10x_hd.o(.text)
    I2C1_ER_IRQHandler                       0x08000247   Thumb Code     0  startup_stm32f10x_hd.o(.text)
    I2C1_EV_IRQHandler                       0x08000247   Thumb Code     0  startup_stm32f10x_hd.o(.text)
    I2C2_ER_IRQHandler                       0x08000247   Thumb Code     0  startup_stm32f10x_hd.o(.text)
    I2C2_EV_IRQHandler                       0x08000247   Thumb Code     0  startup_stm32f10x_hd.o(.text)
    PVD_IRQHandler                           0x08000247   Thumb Code     0  startup_stm32f10x_hd.o(.text)
    RCC_IRQHandler                           0x08000247   Thumb Code     0  startup_stm32f10x_hd.o(.text)
    RTCAlarm_IRQHandler                      0x08000247   Thumb Code     0  startup_stm32f10x_hd.o(.text)
    RTC_IRQHandler                           0x08000247   Thumb Code     0  startup_stm32f10x_hd.o(.text)
    SDIO_IRQHandler                          0x08000247   Thumb Code     0  startup_stm32f10x_hd.o(.text)
    SPI1_IRQHandler                          0x08000247   Thumb Code     0  startup_stm32f10x_hd.o(.text)
    SPI2_IRQHandler                          0x08000247   Thumb Code     0  startup_stm32f10x_hd.o(.text)
    SPI3_IRQHandler                          0x08000247   Thumb Code     0  startup_stm32f10x_hd.o(.text)
    TAMPER_IRQHandler                        0x08000247   Thumb Code     0  startup_stm32f10x_hd.o(.text)
    TIM1_BRK_IRQHandler                      0x08000247   Thumb Code     0  startup_stm32f10x_hd.o(.text)
    TIM1_CC_IRQHandler                       0x08000247   Thumb Code     0  startup_stm32f10x_hd.o(.text)
    TIM1_TRG_COM_IRQHandler                  0x08000247   Thumb Code     0  startup_stm32f10x_hd.o(.text)
    TIM1_UP_IRQHandler                       0x08000247   Thumb Code     0  startup_stm32f10x_hd.o(.text)
    TIM2_IRQHandler                          0x08000247   Thumb Code     0  startup_stm32f10x_hd.o(.text)
    TIM7_IRQHandler                          0x08000247   Thumb Code     0  startup_stm32f10x_hd.o(.text)
    TIM8_BRK_IRQHandler                      0x08000247   Thumb Code     0  startup_stm32f10x_hd.o(.text)
    TIM8_CC_IRQHandler                       0x08000247   Thumb Code     0  startup_stm32f10x_hd.o(.text)
    TIM8_TRG_COM_IRQHandler                  0x08000247   Thumb Code     0  startup_stm32f10x_hd.o(.text)
    TIM8_UP_IRQHandler                       0x08000247   Thumb Code     0  startup_stm32f10x_hd.o(.text)
    UART4_IRQHandler                         0x08000247   Thumb Code     0  startup_stm32f10x_hd.o(.text)
    UART5_IRQHandler                         0x08000247   Thumb Code     0  startup_stm32f10x_hd.o(.text)
    USART2_IRQHandler                        0x08000247   Thumb Code     0  startup_stm32f10x_hd.o(.text)
    USART3_IRQHandler                        0x08000247   Thumb Code     0  startup_stm32f10x_hd.o(.text)
    USBWakeUp_IRQHandler                     0x08000247   Thumb Code     0  startup_stm32f10x_hd.o(.text)
    USB_HP_CAN1_TX_IRQHandler                0x08000247   Thumb Code     0  startup_stm32f10x_hd.o(.text)
    USB_LP_CAN1_RX0_IRQHandler               0x08000247   Thumb Code     0  startup_stm32f10x_hd.o(.text)
    WWDG_IRQHandler                          0x08000247   Thumb Code     0  startup_stm32f10x_hd.o(.text)
    __user_initial_stackheap                 0x08000249   Thumb Code     0  startup_stm32f10x_hd.o(.text)
    __use_no_semihosting                     0x08000269   Thumb Code     2  use_no_semi_2.o(.text)
    __2printf                                0x0800026d   Thumb Code    20  noretval__2printf.o(.text)
    _printf_pre_padding                      0x08000285   Thumb Code    44  _printf_pad.o(.text)
    _printf_post_padding                     0x080002b1   Thumb Code    34  _printf_pad.o(.text)
    _printf_str                              0x080002d3   Thumb Code    82  _printf_str.o(.text)
    _printf_int_dec                          0x08000325   Thumb Code   104  _printf_dec.o(.text)
    _printf_int_hex                          0x0800039d   Thumb Code    84  _printf_hex_int.o(.text)
    _printf_longlong_hex                     0x0800039d   Thumb Code     0  _printf_hex_int.o(.text)
    __printf                                 0x080003f5   Thumb Code   388  __printf_flags_ss_wp.o(.text)
    __aeabi_memclr                           0x0800057d   Thumb Code     0  rt_memclr.o(.text)
    __rt_memclr                              0x0800057d   Thumb Code    68  rt_memclr.o(.text)
    _memset                                  0x08000581   Thumb Code     0  rt_memclr.o(.text)
    __aeabi_memclr4                          0x080005c1   Thumb Code     0  rt_memclr_w.o(.text)
    __aeabi_memclr8                          0x080005c1   Thumb Code     0  rt_memclr_w.o(.text)
    __rt_memclr_w                            0x080005c1   Thumb Code    78  rt_memclr_w.o(.text)
    _memset_w                                0x080005c5   Thumb Code     0  rt_memclr_w.o(.text)
    __use_two_region_memory                  0x0800060f   Thumb Code     2  heapauxi.o(.text)
    __rt_heap_escrow$2region                 0x08000611   Thumb Code     2  heapauxi.o(.text)
    __rt_heap_expand$2region                 0x08000613   Thumb Code     2  heapauxi.o(.text)
    __I$use$semihosting                      0x08000615   Thumb Code     0  use_no_semi.o(.text)
    __use_no_semihosting_swi                 0x08000615   Thumb Code     2  use_no_semi.o(.text)
    _printf_int_common                       0x08000617   Thumb Code   178  _printf_intcommon.o(.text)
    _printf_cs_common                        0x080006c9   Thumb Code    20  _printf_char.o(.text)
    _printf_char                             0x080006dd   Thumb Code    16  _printf_char.o(.text)
    _printf_string                           0x080006ed   Thumb Code     8  _printf_char.o(.text)
    _printf_char_file                        0x080006f5   Thumb Code    32  _printf_char_file.o(.text)
    _printf_char_common                      0x08000723   Thumb Code    32  _printf_char_common.o(.text)
    ferror                                   0x08000749   Thumb Code     8  ferror.o(.text)
    __user_setup_stackheap                   0x08000751   Thumb Code    74  sys_stackheap_outer.o(.text)
    exit                                     0x0800079b   Thumb Code    12  exit.o(.text)
    __user_libspace                          0x080007a9   Thumb Code     8  libspace.o(.text)
    __user_perproc_libspace                  0x080007a9   Thumb Code     0  libspace.o(.text)
    __user_perthread_libspace                0x080007a9   Thumb Code     0  libspace.o(.text)
    BusFault_Handler                         0x080007b1   Thumb Code     2  stm32f10x_it.o(i.BusFault_Handler)
    DebugMon_Handler                         0x080007b3   Thumb Code     2  stm32f10x_it.o(i.DebugMon_Handler)
    EXTI0_IRQHandler                         0x080007b5   Thumb Code    48  exti.o(i.EXTI0_IRQHandler)
    EXTI11_Init                              0x080007ed   Thumb Code    66  exti.o(i.EXTI11_Init)
    EXTI15_10_IRQHandler                     0x08000831   Thumb Code    54  exti.o(i.EXTI15_10_IRQHandler)
    EXTI2_IRQHandler                         0x08000875   Thumb Code    46  exti.o(i.EXTI2_IRQHandler)
    EXTI3_IRQHandler                         0x080008ad   Thumb Code    46  exti.o(i.EXTI3_IRQHandler)
    EXTI4_IRQHandler                         0x080008e5   Thumb Code    46  exti.o(i.EXTI4_IRQHandler)
    EXTI_ClearITPendingBit                   0x0800091d   Thumb Code     6  stm32f10x_exti.o(i.EXTI_ClearITPendingBit)
    EXTI_GetITStatus                         0x08000929   Thumb Code    28  stm32f10x_exti.o(i.EXTI_GetITStatus)
    EXTI_Init                                0x08000949   Thumb Code   108  stm32f10x_exti.o(i.EXTI_Init)
    FSMC_NORSRAMCmd                          0x080009b9   Thumb Code    26  stm32f10x_fsmc.o(i.FSMC_NORSRAMCmd)
    FSMC_NORSRAMInit                         0x080009d9   Thumb Code   200  stm32f10x_fsmc.o(i.FSMC_NORSRAMInit)
    GPIO_EXTILineConfig                      0x08000aa1   Thumb Code    34  stm32f10x_gpio.o(i.GPIO_EXTILineConfig)
    GPIO_Init                                0x08000ac9   Thumb Code   156  stm32f10x_gpio.o(i.GPIO_Init)
    GPIO_ReadInputDataBit                    0x08000b65   Thumb Code    14  stm32f10x_gpio.o(i.GPIO_ReadInputDataBit)
    GPIO_ResetBits                           0x08000b73   Thumb Code     4  stm32f10x_gpio.o(i.GPIO_ResetBits)
    GPIO_SetBits                             0x08000b77   Thumb Code     4  stm32f10x_gpio.o(i.GPIO_SetBits)
    HardFault_Handler                        0x08000b7b   Thumb Code     2  stm32f10x_it.o(i.HardFault_Handler)
    JTAG_Set                                 0x08000b7d   Thumb Code    30  main.o(i.JTAG_Set)
    KEY_Init                                 0x08000ba5   Thumb Code    52  key.o(i.KEY_Init)
    KEY_Scan                                 0x08000be1   Thumb Code   190  key.o(i.KEY_Scan)
    LCD_Clear                                0x08000cad   Thumb Code   100  lcd.o(i.LCD_Clear)
    LCD_Display_Dir                          0x08000d19   Thumb Code   304  lcd.o(i.LCD_Display_Dir)
    LCD_Fast_DrawPoint                       0x08000e4d   Thumb Code   276  lcd.o(i.LCD_Fast_DrawPoint)
    LCD_Fill                                 0x08000f69   Thumb Code   132  lcd.o(i.LCD_Fill)
    LCD_Init                                 0x08000ff5   Thumb Code 11794  lcd.o(i.LCD_Init)
    LCD_RD_DATA                              0x08003e0d   Thumb Code    16  lcd.o(i.LCD_RD_DATA)
    LCD_ReadReg                              0x08003e21   Thumb Code    20  lcd.o(i.LCD_ReadReg)
    LCD_SSD_BackLightSet                     0x08003e39   Thumb Code    50  lcd.o(i.LCD_SSD_BackLightSet)
    LCD_Scan_Dir                             0x08003e75   Thumb Code   414  lcd.o(i.LCD_Scan_Dir)
    LCD_SetCursor                            0x0800401d   Thumb Code   320  lcd.o(i.LCD_SetCursor)
    LCD_Set_Window                           0x08004165   Thumb Code   370  lcd.o(i.LCD_Set_Window)
    LCD_ShowChar                             0x080042e1   Thumb Code   182  lcd.o(i.LCD_ShowChar)
    LCD_ShowString                           0x080043ad   Thumb Code    84  lcd.o(i.LCD_ShowString)
    LCD_WriteRAM_Prepare                     0x08004401   Thumb Code    10  lcd.o(i.LCD_WriteRAM_Prepare)
    LCD_WriteReg                             0x08004415   Thumb Code    10  lcd.o(i.LCD_WriteReg)
    LED_Init                                 0x08004425   Thumb Code    70  led.o(i.LED_Init)
    MemManage_Handler                        0x08004475   Thumb Code     2  stm32f10x_it.o(i.MemManage_Handler)
    NMI_Handler                              0x08004477   Thumb Code     2  stm32f10x_it.o(i.NMI_Handler)
    NVIC_Init                                0x08004479   Thumb Code    94  misc.o(i.NVIC_Init)
    NVIC_PriorityGroupConfig                 0x080044dd   Thumb Code    10  misc.o(i.NVIC_PriorityGroupConfig)
    OLED_Clear                               0x080044f1   Thumb Code    38  oled.o(i.OLED_Clear)
    OLED_Display_On                          0x0800451d   Thumb Code    30  oled.o(i.OLED_Display_On)
    OLED_DrawPoint                           0x0800453d   Thumb Code    54  oled.o(i.OLED_DrawPoint)
    OLED_Init                                0x08004579   Thumb Code   268  oled.o(i.OLED_Init)
    OLED_Refresh_Gram                        0x08004689   Thumb Code    66  oled.o(i.OLED_Refresh_Gram)
    OLED_ShowChar                            0x080046d1   Thumb Code   124  oled.o(i.OLED_ShowChar)
    OLED_ShowString                          0x08004755   Thumb Code    62  oled.o(i.OLED_ShowString)
    OLED_WR_Byte                             0x08004795   Thumb Code    96  oled.o(i.OLED_WR_Byte)
    OV7670_Init                              0x080047f9   Thumb Code   264  ov7670.o(i.OV7670_Init)
    OV7670_Window_Set                        0x08004915   Thumb Code   110  ov7670.o(i.OV7670_Window_Set)
    PendSV_Handler                           0x08004983   Thumb Code     2  stm32f10x_it.o(i.PendSV_Handler)
    RCC_AHBPeriphClockCmd                    0x08004985   Thumb Code    18  stm32f10x_rcc.o(i.RCC_AHBPeriphClockCmd)
    RCC_APB1PeriphClockCmd                   0x0800499d   Thumb Code    18  stm32f10x_rcc.o(i.RCC_APB1PeriphClockCmd)
    RCC_APB2PeriphClockCmd                   0x080049b5   Thumb Code    18  stm32f10x_rcc.o(i.RCC_APB2PeriphClockCmd)
    RCC_GetClocksFreq                        0x080049cd   Thumb Code   132  stm32f10x_rcc.o(i.RCC_GetClocksFreq)
    SCCB_Init                                0x08004a61   Thumb Code    92  sccb.o(i.SCCB_Init)
    SCCB_No_Ack                              0x08004ac1   Thumb Code    52  sccb.o(i.SCCB_No_Ack)
    SCCB_RD_Byte                             0x08004af9   Thumb Code    98  sccb.o(i.SCCB_RD_Byte)
    SCCB_RD_Reg                              0x08004b65   Thumb Code    76  sccb.o(i.SCCB_RD_Reg)
    SCCB_Start                               0x08004bb1   Thumb Code    38  sccb.o(i.SCCB_Start)
    SCCB_Stop                                0x08004bdd   Thumb Code    42  sccb.o(i.SCCB_Stop)
    SCCB_WR_Byte                             0x08004c0d   Thumb Code   126  sccb.o(i.SCCB_WR_Byte)
    SCCB_WR_Reg                              0x08004c95   Thumb Code    62  sccb.o(i.SCCB_WR_Reg)
    SVC_Handler                              0x08004cd3   Thumb Code     2  stm32f10x_it.o(i.SVC_Handler)
    SysTick_CLKSourceConfig                  0x08004d7d   Thumb Code    24  misc.o(i.SysTick_CLKSourceConfig)
    SysTick_Handler                          0x08004d95   Thumb Code     2  stm32f10x_it.o(i.SysTick_Handler)
    SystemInit                               0x08004d99   Thumb Code    64  system_stm32f10x.o(i.SystemInit)
    TIM3_IRQHandler                          0x08004de9   Thumb Code    60  timer.o(i.TIM3_IRQHandler)
    TIM3_Int_Init                            0x08004e31   Thumb Code    90  timer.o(i.TIM3_Int_Init)
    TIM4_IRQHandler                          0x08004e91   Thumb Code    50  usmart.o(i.TIM4_IRQHandler)
    TIM5_IRQHandler                          0x08004ecd   Thumb Code   128  timer.o(i.TIM5_IRQHandler)
    TIM6_IRQHandler                          0x08004f55   Thumb Code    40  timer.o(i.TIM6_IRQHandler)
    TIM_ClearFlag                            0x08004f95   Thumb Code     6  stm32f10x_tim.o(i.TIM_ClearFlag)
    TIM_ClearITPendingBit                    0x08004f9b   Thumb Code     6  stm32f10x_tim.o(i.TIM_ClearITPendingBit)
    TIM_Cmd                                  0x08004fa1   Thumb Code    20  stm32f10x_tim.o(i.TIM_Cmd)
    TIM_GetCapture1                          0x08004fb5   Thumb Code     4  stm32f10x_tim.o(i.TIM_GetCapture1)
    TIM_GetCounter                           0x08004fb9   Thumb Code     4  stm32f10x_tim.o(i.TIM_GetCounter)
    TIM_GetFlagStatus                        0x08004fbd   Thumb Code    14  stm32f10x_tim.o(i.TIM_GetFlagStatus)
    TIM_GetITStatus                          0x08004fcb   Thumb Code    24  stm32f10x_tim.o(i.TIM_GetITStatus)
    TIM_ITConfig                             0x08004fe3   Thumb Code    16  stm32f10x_tim.o(i.TIM_ITConfig)
    TIM_OC1PolarityConfig                    0x08004ff3   Thumb Code    12  stm32f10x_tim.o(i.TIM_OC1PolarityConfig)
    TIM_SetAutoreload                        0x08004fff   Thumb Code     4  stm32f10x_tim.o(i.TIM_SetAutoreload)
    TIM_SetCounter                           0x08005003   Thumb Code     4  stm32f10x_tim.o(i.TIM_SetCounter)
    TIM_TimeBaseInit                         0x08005009   Thumb Code   114  stm32f10x_tim.o(i.TIM_TimeBaseInit)
    Timer4_Init                              0x080050a5   Thumb Code    90  usmart.o(i.Timer4_Init)
    USART1_IRQHandler                        0x08005105   Thumb Code    88  usart.o(i.USART1_IRQHandler)
    USART_Cmd                                0x08005169   Thumb Code    20  stm32f10x_usart.o(i.USART_Cmd)
    USART_GetITStatus                        0x0800517d   Thumb Code    62  stm32f10x_usart.o(i.USART_GetITStatus)
    USART_ITConfig                           0x080051bb   Thumb Code    48  stm32f10x_usart.o(i.USART_ITConfig)
    USART_Init                               0x080051ed   Thumb Code   166  stm32f10x_usart.o(i.USART_Init)
    USART_ReceiveData                        0x08005299   Thumb Code     8  stm32f10x_usart.o(i.USART_ReceiveData)
    UsageFault_Handler                       0x080052a1   Thumb Code     2  stm32f10x_it.o(i.UsageFault_Handler)
    _is_digit                                0x080052a3   Thumb Code    14  __printf_wp.o(i._is_digit)
    _sys_exit                                0x080052b1   Thumb Code     2  usart.o(i._sys_exit)
    cameraOperation                          0x080052b5   Thumb Code    78  grey.o(i.cameraOperation)
    cameraRefresh                            0x08005319   Thumb Code   254  grey.o(i.cameraRefresh)
    changMidGrey                             0x08005439   Thumb Code    56  grey.o(i.changMidGrey)
    delay_init                               0x08005475   Thumb Code    46  delay.o(i.delay_init)
    delay_ms                                 0x080054b1   Thumb Code    46  delay.o(i.delay_ms)
    delay_us                                 0x080054e5   Thumb Code    46  delay.o(i.delay_us)
    fputc                                    0x08005519   Thumb Code    18  usart.o(i.fputc)
    getCmdByDeviLoc                          0x08005531   Thumb Code   204  grey.o(i.getCmdByDeviLoc)
    getCmdBySlope                            0x0800563d   Thumb Code   264  sendcmd.o(i.getCmdBySlope)
    getLineEdge                              0x08005761   Thumb Code   106  grey.o(i.getLineEdge)
    getLineLocCompare2MidLine                0x080057d1   Thumb Code   384  grey.o(i.getLineLocCompare2MidLine)
    getLineWidth                             0x08005955   Thumb Code    98  grey.o(i.getLineWidth)
    getOneSideUsefulLine                     0x080059c1   Thumb Code   256  grey.o(i.getOneSideUsefulLine)
    getUsefulLine                            0x08005ac1   Thumb Code   170  grey.o(i.getUsefulLine)
    main                                     0x08005b75   Thumb Code   258  main.o(i.main)
    memsetBothBlackLoc                       0x08005cc9   Thumb Code    24  grey.o(i.memsetBothBlackLoc)
    myOledShowInfo                           0x08005ce5   Thumb Code    38  oled.o(i.myOledShowInfo)
    printToUart                              0x08005d0d   Thumb Code    62  grey.o(i.printToUart)
    read_addr                                0x08005d69   Thumb Code     4  usmart.o(i.read_addr)
    regression                               0x08005d6d   Thumb Code   388  leastsquare.o(i.regression)
    uart_init                                0x08005ef9   Thumb Code   152  usart.o(i.uart_init)
    usmart_cmd_rec                           0x08005f99   Thumb Code   144  usmart.o(i.usmart_cmd_rec)
    usmart_exe                               0x0800602d   Thumb Code   510  usmart.o(i.usmart_exe)
    usmart_get_aparm                         0x0800628d   Thumb Code   156  usmart_str.o(i.usmart_get_aparm)
    usmart_get_cmdname                       0x08006329   Thumb Code    46  usmart_str.o(i.usmart_get_cmdname)
    usmart_get_fname                         0x08006359   Thumb Code   352  usmart_str.o(i.usmart_get_fname)
    usmart_get_fparam                        0x080064c1   Thumb Code   202  usmart_str.o(i.usmart_get_fparam)
    usmart_get_parmpos                       0x08006591   Thumb Code    30  usmart_str.o(i.usmart_get_parmpos)
    usmart_get_runtime                       0x080065b5   Thumb Code    48  usmart.o(i.usmart_get_runtime)
    usmart_init                              0x080065ed   Thumb Code    36  usmart.o(i.usmart_init)
    usmart_pow                               0x08006615   Thumb Code    16  usmart_str.o(i.usmart_pow)
    usmart_reset_runtime                     0x08006625   Thumb Code    40  usmart.o(i.usmart_reset_runtime)
    usmart_scan                              0x08006655   Thumb Code    94  usmart.o(i.usmart_scan)
    usmart_search_nextc                      0x080066f9   Thumb Code    16  usmart_str.o(i.usmart_search_nextc)
    usmart_str2num                           0x08006709   Thumb Code   160  usmart_str.o(i.usmart_str2num)
    usmart_strcmp                            0x080067a9   Thumb Code    24  usmart_str.o(i.usmart_strcmp)
    usmart_strcopy                           0x080067c1   Thumb Code    18  usmart_str.o(i.usmart_strcopy)
    usmart_strlen                            0x080067d3   Thumb Code    18  usmart_str.o(i.usmart_strlen)
    usmart_sys_cmd_exe                       0x080067e5   Thumb Code  1442  usmart.o(i.usmart_sys_cmd_exe)
    write_addr                               0x08006e55   Thumb Code     4  usmart.o(i.write_addr)
    __aeabi_dadd                             0x08006e59   Thumb Code     0  daddsub_clz.o(x$fpl$dadd)
    _dadd                                    0x08006e59   Thumb Code   332  daddsub_clz.o(x$fpl$dadd)
    __fpl_dcmp_Inf                           0x08006fa9   Thumb Code    24  dcmpi.o(x$fpl$dcmpinf)
    __aeabi_ddiv                             0x08006fc1   Thumb Code     0  ddiv.o(x$fpl$ddiv)
    _ddiv                                    0x08006fc1   Thumb Code   552  ddiv.o(x$fpl$ddiv)
    __aeabi_cdcmpeq                          0x08007271   Thumb Code     0  deqf.o(x$fpl$deqf)
    _dcmpeq                                  0x08007271   Thumb Code   120  deqf.o(x$fpl$deqf)
    __aeabi_d2uiz                            0x080072e9   Thumb Code     0  dfixu.o(x$fpl$dfixu)
    _dfixu                                   0x080072e9   Thumb Code    90  dfixu.o(x$fpl$dfixu)
    __aeabi_i2d                              0x08007343   Thumb Code     0  dflt_clz.o(x$fpl$dflt)
    _dflt                                    0x08007343   Thumb Code    46  dflt_clz.o(x$fpl$dflt)
    __aeabi_ui2d                             0x08007371   Thumb Code     0  dflt_clz.o(x$fpl$dfltu)
    _dfltu                                   0x08007371   Thumb Code    38  dflt_clz.o(x$fpl$dfltu)
    __aeabi_cdcmple                          0x08007399   Thumb Code     0  dleqf.o(x$fpl$dleqf)
    _dcmple                                  0x08007399   Thumb Code   120  dleqf.o(x$fpl$dleqf)
    __fpl_dcmple_InfNaN                      0x080073fb   Thumb Code     0  dleqf.o(x$fpl$dleqf)
    __aeabi_dmul                             0x08007411   Thumb Code     0  dmul.o(x$fpl$dmul)
    _dmul                                    0x08007411   Thumb Code   332  dmul.o(x$fpl$dmul)
    __fpl_dnaninf                            0x08007565   Thumb Code   156  dnaninf.o(x$fpl$dnaninf)
    __fpl_dretinf                            0x08007601   Thumb Code    12  dretinf.o(x$fpl$dretinf)
    __aeabi_cdrcmple                         0x0800760d   Thumb Code     0  drleqf.o(x$fpl$drleqf)
    _drcmple                                 0x0800760d   Thumb Code   108  drleqf.o(x$fpl$drleqf)
    __aeabi_drsub                            0x08007679   Thumb Code     0  daddsub_clz.o(x$fpl$drsb)
    _drsb                                    0x08007679   Thumb Code    22  daddsub_clz.o(x$fpl$drsb)
    __aeabi_dsub                             0x08007691   Thumb Code     0  daddsub_clz.o(x$fpl$dsub)
    _dsub                                    0x08007691   Thumb Code   464  daddsub_clz.o(x$fpl$dsub)
    __I$use$fp                               0x08007864   Number         0  usenofp.o(x$fpl$usenofp)
    asc2_1206                                0x08007864   Data        1140  lcd.o(.constdata)
    asc2_1608                                0x08007cd8   Data        1520  lcd.o(.constdata)
    asc2_2412                                0x080082c8   Data        3420  lcd.o(.constdata)
    ov7670_init_reg_tbl                      0x08009024   Data         342  ov7670.o(.constdata)
    oled_asc2_1206                           0x0800917a   Data        1140  oled.o(.constdata)
    oled_asc2_1608                           0x080095ee   Data        1520  oled.o(.constdata)
    Region$$Table$$Base                      0x08009d20   Number         0  anon$$obj.o(Region$$Table)
    Region$$Table$$Limit                     0x08009d40   Number         0  anon$$obj.o(Region$$Table)
    timerCounter                             0x20000000   Data           4  main.o(.data)
    cmdByLine                                0x20000004   Data           4  main.o(.data)
    SystemCoreClock                          0x20000008   Data           4  system_stm32f10x.o(.data)
    AHBPrescTable                            0x2000000c   Data          16  system_stm32f10x.o(.data)
    POINT_COLOR                              0x2000001e   Data           2  lcd.o(.data)
    BACK_COLOR                               0x20000020   Data           2  lcd.o(.data)
    ov_sta                                   0x20000022   Data           1  exti.o(.data)
    TIM5CH1_CAPTURE_STA                      0x20000024   Data           1  timer.o(.data)
    ov_frame                                 0x20000025   Data           1  timer.o(.data)
    TIM5CH1_CAPTURE_VAL                      0x20000026   Data           2  timer.o(.data)
    MidGreyVal                               0x20000028   Data           1  grey.o(.data)
    maxUsefulLineLen                         0x20000029   Data           1  grey.o(.data)
    testLineWidth                            0x2000002a   Data           1  grey.o(.data)
    lineDeviationLoc                         0x2000002c   Data           4  grey.o(.data)
    overK                                    0x20000030   Data           8  leastsquare.o(.data)
    b                                        0x20000038   Data           1  leastsquare.o(.data)
    USART_RX_STA                             0x2000003e   Data           2  usart.o(.data)
    __stdout                                 0x20000040   Data           4  usart.o(.data)
    sys_cmd_tab                              0x20000058   Data          28  usmart.o(.data)
    usmart_nametab                           0x20000074   Data          56  usmart_config.o(.data)
    usmart_dev                               0x200000ac   Data         244  usmart_config.o(.data)
    lcddev                                   0x200001a0   Data          14  lcd.o(.bss)
    cutImg                                   0x200001ae   Data        9600  grey.o(.bss)
    leftBlackLoc                             0x2000272e   Data          20  grey.o(.bss)
    rightBlackLoc                            0x20002742   Data          20  grey.o(.bss)
    maxUsefulBlackLine                       0x20002756   Data          20  grey.o(.bss)
    maxUsefulBlackHeight                     0x2000276a   Data          20  grey.o(.bss)
    OLED_GRAM                                0x2000277e   Data        1024  oled.o(.bss)
    USART_RX_BUF                             0x20002b7e   Data         200  usart.o(.bss)
    __libspace_start                         0x20002c48   Data          96  libspace.o(.bss)
    __temporary_stack_top$libspace           0x20002ca8   Data           0  libspace.o(.bss)



==============================================================================

Memory Map of the image

  Image Entry point : 0x08000131

  Load Region LR_IROM1 (Base: 0x08000000, Size: 0x00009ee0, Max: 0x00080000, ABSOLUTE, COMPRESSED[0x00009dc0])

    Execution Region ER_IROM1 (Base: 0x08000000, Size: 0x00009d40, Max: 0x00080000, ABSOLUTE)

    Base Addr    Size         Type   Attr      Idx    E Section Name        Object

    0x08000000   0x00000130   Data   RO         1000    RESET               startup_stm32f10x_hd.o
    0x08000130   0x00000008   Code   RO         2471  * !!!main             c_w.l(__main.o)
    0x08000138   0x00000034   Code   RO         2677    !!!scatter          c_w.l(__scatter.o)
    0x0800016c   0x0000005a   Code   RO         2675    !!dczerorl2         c_w.l(__dczerorl2.o)
    0x080001c6   0x00000002   PAD
    0x080001c8   0x0000001c   Code   RO         2679    !!handler_zi        c_w.l(__scatter_zi.o)
    0x080001e4   0x00000000   Code   RO         2464    .ARM.Collect$$_printf_percent$$00000000  c_w.l(_printf_percent.o)
    0x080001e4   0x00000006   Code   RO         2462    .ARM.Collect$$_printf_percent$$00000009  c_w.l(_printf_d.o)
    0x080001ea   0x00000006   Code   RO         2463    .ARM.Collect$$_printf_percent$$0000000A  c_w.l(_printf_u.o)
    0x080001f0   0x00000006   Code   RO         2461    .ARM.Collect$$_printf_percent$$0000000C  c_w.l(_printf_x.o)
    0x080001f6   0x00000006   Code   RO         2459    .ARM.Collect$$_printf_percent$$00000013  c_w.l(_printf_c.o)
    0x080001fc   0x00000006   Code   RO         2460    .ARM.Collect$$_printf_percent$$00000014  c_w.l(_printf_s.o)
    0x08000202   0x00000004   Code   RO         2510    .ARM.Collect$$_printf_percent$$00000017  c_w.l(_printf_percent_end.o)
    0x08000206   0x00000002   Code   RO         2550    .ARM.Collect$$libinit$$00000000  c_w.l(libinit.o)
    0x08000208   0x00000000   Code   RO         2557    .ARM.Collect$$libinit$$00000002  c_w.l(libinit2.o)
    0x08000208   0x00000000   Code   RO         2559    .ARM.Collect$$libinit$$00000004  c_w.l(libinit2.o)
    0x08000208   0x00000000   Code   RO         2562    .ARM.Collect$$libinit$$0000000A  c_w.l(libinit2.o)
    0x08000208   0x00000000   Code   RO         2564    .ARM.Collect$$libinit$$0000000C  c_w.l(libinit2.o)
    0x08000208   0x00000000   Code   RO         2566    .ARM.Collect$$libinit$$0000000E  c_w.l(libinit2.o)
    0x08000208   0x00000000   Code   RO         2569    .ARM.Collect$$libinit$$00000011  c_w.l(libinit2.o)
    0x08000208   0x00000000   Code   RO         2571    .ARM.Collect$$libinit$$00000013  c_w.l(libinit2.o)
    0x08000208   0x00000000   Code   RO         2573    .ARM.Collect$$libinit$$00000015  c_w.l(libinit2.o)
    0x08000208   0x00000000   Code   RO         2575    .ARM.Collect$$libinit$$00000017  c_w.l(libinit2.o)
    0x08000208   0x00000000   Code   RO         2577    .ARM.Collect$$libinit$$00000019  c_w.l(libinit2.o)
    0x08000208   0x00000000   Code   RO         2579    .ARM.Collect$$libinit$$0000001B  c_w.l(libinit2.o)
    0x08000208   0x00000000   Code   RO         2581    .ARM.Collect$$libinit$$0000001D  c_w.l(libinit2.o)
    0x08000208   0x00000000   Code   RO         2583    .ARM.Collect$$libinit$$0000001F  c_w.l(libinit2.o)
    0x08000208   0x00000000   Code   RO         2585    .ARM.Collect$$libinit$$00000021  c_w.l(libinit2.o)
    0x08000208   0x00000000   Code   RO         2587    .ARM.Collect$$libinit$$00000023  c_w.l(libinit2.o)
    0x08000208   0x00000000   Code   RO         2589    .ARM.Collect$$libinit$$00000025  c_w.l(libinit2.o)
    0x08000208   0x00000000   Code   RO         2593    .ARM.Collect$$libinit$$0000002C  c_w.l(libinit2.o)
    0x08000208   0x00000000   Code   RO         2595    .ARM.Collect$$libinit$$0000002E  c_w.l(libinit2.o)
    0x08000208   0x00000000   Code   RO         2597    .ARM.Collect$$libinit$$00000030  c_w.l(libinit2.o)
    0x08000208   0x00000000   Code   RO         2599    .ARM.Collect$$libinit$$00000032  c_w.l(libinit2.o)
    0x08000208   0x00000002   Code   RO         2600    .ARM.Collect$$libinit$$00000033  c_w.l(libinit2.o)
    0x0800020a   0x00000002   Code   RO         2618    .ARM.Collect$$libshutdown$$00000000  c_w.l(libshutdown.o)
    0x0800020c   0x00000000   Code   RO         2629    .ARM.Collect$$libshutdown$$00000003  c_w.l(libshutdown2.o)
    0x0800020c   0x00000000   Code   RO         2632    .ARM.Collect$$libshutdown$$00000006  c_w.l(libshutdown2.o)
    0x0800020c   0x00000000   Code   RO         2635    .ARM.Collect$$libshutdown$$00000009  c_w.l(libshutdown2.o)
    0x0800020c   0x00000000   Code   RO         2637    .ARM.Collect$$libshutdown$$0000000B  c_w.l(libshutdown2.o)
    0x0800020c   0x00000000   Code   RO         2640    .ARM.Collect$$libshutdown$$0000000E  c_w.l(libshutdown2.o)
    0x0800020c   0x00000002   Code   RO         2641    .ARM.Collect$$libshutdown$$0000000F  c_w.l(libshutdown2.o)
    0x0800020e   0x00000000   Code   RO         2503    .ARM.Collect$$rtentry$$00000000  c_w.l(__rtentry.o)
    0x0800020e   0x00000000   Code   RO         2519    .ARM.Collect$$rtentry$$00000002  c_w.l(__rtentry2.o)
    0x0800020e   0x00000006   Code   RO         2531    .ARM.Collect$$rtentry$$00000004  c_w.l(__rtentry4.o)
    0x08000214   0x00000000   Code   RO         2521    .ARM.Collect$$rtentry$$00000009  c_w.l(__rtentry2.o)
    0x08000214   0x00000004   Code   RO         2522    .ARM.Collect$$rtentry$$0000000A  c_w.l(__rtentry2.o)
    0x08000218   0x00000000   Code   RO         2524    .ARM.Collect$$rtentry$$0000000C  c_w.l(__rtentry2.o)
    0x08000218   0x00000008   Code   RO         2525    .ARM.Collect$$rtentry$$0000000D  c_w.l(__rtentry2.o)
    0x08000220   0x00000002   Code   RO         2554    .ARM.Collect$$rtexit$$00000000  c_w.l(rtexit.o)
    0x08000222   0x00000000   Code   RO         2602    .ARM.Collect$$rtexit$$00000002  c_w.l(rtexit2.o)
    0x08000222   0x00000004   Code   RO         2603    .ARM.Collect$$rtexit$$00000003  c_w.l(rtexit2.o)
    0x08000226   0x00000006   Code   RO         2604    .ARM.Collect$$rtexit$$00000004  c_w.l(rtexit2.o)
    0x0800022c   0x0000003c   Code   RO         1001    .text               startup_stm32f10x_hd.o
    0x08000268   0x00000002   Code   RO         2404    .text               c_w.l(use_no_semi_2.o)
    0x0800026a   0x00000002   PAD
    0x0800026c   0x00000018   Code   RO         2408    .text               c_w.l(noretval__2printf.o)
    0x08000284   0x0000004e   Code   RO         2412    .text               c_w.l(_printf_pad.o)
    0x080002d2   0x00000052   Code   RO         2414    .text               c_w.l(_printf_str.o)
    0x08000324   0x00000078   Code   RO         2416    .text               c_w.l(_printf_dec.o)
    0x0800039c   0x00000058   Code   RO         2421    .text               c_w.l(_printf_hex_int.o)
    0x080003f4   0x00000188   Code   RO         2456    .text               c_w.l(__printf_flags_ss_wp.o)
    0x0800057c   0x00000044   Code   RO         2465    .text               c_w.l(rt_memclr.o)
    0x080005c0   0x0000004e   Code   RO         2467    .text               c_w.l(rt_memclr_w.o)
    0x0800060e   0x00000006   Code   RO         2469    .text               c_w.l(heapauxi.o)
    0x08000614   0x00000002   Code   RO         2501    .text               c_w.l(use_no_semi.o)
    0x08000616   0x000000b2   Code   RO         2504    .text               c_w.l(_printf_intcommon.o)
    0x080006c8   0x0000002c   Code   RO         2506    .text               c_w.l(_printf_char.o)
    0x080006f4   0x00000024   Code   RO         2508    .text               c_w.l(_printf_char_file.o)
    0x08000718   0x00000030   Code   RO         2533    .text               c_w.l(_printf_char_common.o)
    0x08000748   0x00000008   Code   RO         2535    .text               c_w.l(ferror.o)
    0x08000750   0x0000004a   Code   RO         2539    .text               c_w.l(sys_stackheap_outer.o)
    0x0800079a   0x0000000c   Code   RO         2543    .text               c_w.l(exit.o)
    0x080007a6   0x00000002   PAD
    0x080007a8   0x00000008   Code   RO         2551    .text               c_w.l(libspace.o)
    0x080007b0   0x00000002   Code   RO          135    i.BusFault_Handler  stm32f10x_it.o
    0x080007b2   0x00000002   Code   RO          136    i.DebugMon_Handler  stm32f10x_it.o
    0x080007b4   0x00000038   Code   RO          472    i.EXTI0_IRQHandler  exti.o
    0x080007ec   0x00000042   Code   RO          473    i.EXTI11_Init       exti.o
    0x0800082e   0x00000002   PAD
    0x08000830   0x00000044   Code   RO          474    i.EXTI15_10_IRQHandler  exti.o
    0x08000874   0x00000038   Code   RO          475    i.EXTI2_IRQHandler  exti.o
    0x080008ac   0x00000038   Code   RO          476    i.EXTI3_IRQHandler  exti.o
    0x080008e4   0x00000038   Code   RO          477    i.EXTI4_IRQHandler  exti.o
    0x0800091c   0x0000000c   Code   RO         1656    i.EXTI_ClearITPendingBit  stm32f10x_exti.o
    0x08000928   0x00000020   Code   RO         1660    i.EXTI_GetITStatus  stm32f10x_exti.o
    0x08000948   0x00000070   Code   RO         1661    i.EXTI_Init         stm32f10x_exti.o
    0x080009b8   0x00000020   Code   RO         1052    i.FSMC_NORSRAMCmd   stm32f10x_fsmc.o
    0x080009d8   0x000000c8   Code   RO         1054    i.FSMC_NORSRAMInit  stm32f10x_fsmc.o
    0x08000aa0   0x00000028   Code   RO         1164    i.GPIO_EXTILineConfig  stm32f10x_gpio.o
    0x08000ac8   0x0000009c   Code   RO         1167    i.GPIO_Init         stm32f10x_gpio.o
    0x08000b64   0x0000000e   Code   RO         1171    i.GPIO_ReadInputDataBit  stm32f10x_gpio.o
    0x08000b72   0x00000004   Code   RO         1174    i.GPIO_ResetBits    stm32f10x_gpio.o
    0x08000b76   0x00000004   Code   RO         1175    i.GPIO_SetBits      stm32f10x_gpio.o
    0x08000b7a   0x00000002   Code   RO          137    i.HardFault_Handler  stm32f10x_it.o
    0x08000b7c   0x00000028   Code   RO            1    i.JTAG_Set          main.o
    0x08000ba4   0x0000003c   Code   RO          259    i.KEY_Init          key.o
    0x08000be0   0x000000cc   Code   RO          260    i.KEY_Scan          key.o
    0x08000cac   0x0000006c   Code   RO          279    i.LCD_Clear         lcd.o
    0x08000d18   0x00000134   Code   RO          283    i.LCD_Display_Dir   lcd.o
    0x08000e4c   0x0000011c   Code   RO          288    i.LCD_Fast_DrawPoint  lcd.o
    0x08000f68   0x0000008c   Code   RO          289    i.LCD_Fill          lcd.o
    0x08000ff4   0x00002e18   Code   RO          290    i.LCD_Init          lcd.o
    0x08003e0c   0x00000014   Code   RO          292    i.LCD_RD_DATA       lcd.o
    0x08003e20   0x00000018   Code   RO          294    i.LCD_ReadReg       lcd.o
    0x08003e38   0x0000003c   Code   RO          295    i.LCD_SSD_BackLightSet  lcd.o
    0x08003e74   0x000001a8   Code   RO          296    i.LCD_Scan_Dir      lcd.o
    0x0800401c   0x00000148   Code   RO          297    i.LCD_SetCursor     lcd.o
    0x08004164   0x0000017c   Code   RO          298    i.LCD_Set_Window    lcd.o
    0x080042e0   0x000000cc   Code   RO          299    i.LCD_ShowChar      lcd.o
    0x080043ac   0x00000054   Code   RO          301    i.LCD_ShowString    lcd.o
    0x08004400   0x00000014   Code   RO          306    i.LCD_WriteRAM_Prepare  lcd.o
    0x08004414   0x00000010   Code   RO          307    i.LCD_WriteReg      lcd.o
    0x08004424   0x00000050   Code   RO          247    i.LED_Init          led.o
    0x08004474   0x00000002   Code   RO          138    i.MemManage_Handler  stm32f10x_it.o
    0x08004476   0x00000002   Code   RO          139    i.NMI_Handler       stm32f10x_it.o
    0x08004478   0x00000064   Code   RO         1005    i.NVIC_Init         misc.o
    0x080044dc   0x00000014   Code   RO         1006    i.NVIC_PriorityGroupConfig  misc.o
    0x080044f0   0x0000002c   Code   RO          802    i.OLED_Clear        oled.o
    0x0800451c   0x0000001e   Code   RO          804    i.OLED_Display_On   oled.o
    0x0800453a   0x00000002   PAD
    0x0800453c   0x0000003c   Code   RO          805    i.OLED_DrawPoint    oled.o
    0x08004578   0x00000110   Code   RO          806    i.OLED_Init         oled.o
    0x08004688   0x00000048   Code   RO          807    i.OLED_Refresh_Gram  oled.o
    0x080046d0   0x00000084   Code   RO          808    i.OLED_ShowChar     oled.o
    0x08004754   0x0000003e   Code   RO          810    i.OLED_ShowString   oled.o
    0x08004792   0x00000002   PAD
    0x08004794   0x00000064   Code   RO          811    i.OLED_WR_Byte      oled.o
    0x080047f8   0x0000011c   Code   RO          588    i.OV7670_Init       ov7670.o
    0x08004914   0x0000006e   Code   RO          591    i.OV7670_Window_Set  ov7670.o
    0x08004982   0x00000002   Code   RO          140    i.PendSV_Handler    stm32f10x_it.o
    0x08004984   0x00000018   Code   RO         1276    i.RCC_AHBPeriphClockCmd  stm32f10x_rcc.o
    0x0800499c   0x00000018   Code   RO         1277    i.RCC_APB1PeriphClockCmd  stm32f10x_rcc.o
    0x080049b4   0x00000018   Code   RO         1279    i.RCC_APB2PeriphClockCmd  stm32f10x_rcc.o
    0x080049cc   0x00000094   Code   RO         1287    i.RCC_GetClocksFreq  stm32f10x_rcc.o
    0x08004a60   0x00000060   Code   RO          643    i.SCCB_Init         sccb.o
    0x08004ac0   0x00000038   Code   RO          644    i.SCCB_No_Ack       sccb.o
    0x08004af8   0x0000006c   Code   RO          645    i.SCCB_RD_Byte      sccb.o
    0x08004b64   0x0000004c   Code   RO          646    i.SCCB_RD_Reg       sccb.o
    0x08004bb0   0x0000002c   Code   RO          647    i.SCCB_Start        sccb.o
    0x08004bdc   0x00000030   Code   RO          648    i.SCCB_Stop         sccb.o
    0x08004c0c   0x00000088   Code   RO          649    i.SCCB_WR_Byte      sccb.o
    0x08004c94   0x0000003e   Code   RO          650    i.SCCB_WR_Reg       sccb.o
    0x08004cd2   0x00000002   Code   RO          141    i.SVC_Handler       stm32f10x_it.o
    0x08004cd4   0x000000a8   Code   RO          218    i.SetSysClockTo72   system_stm32f10x.o
    0x08004d7c   0x00000018   Code   RO         1009    i.SysTick_CLKSourceConfig  misc.o
    0x08004d94   0x00000002   Code   RO          142    i.SysTick_Handler   stm32f10x_it.o
    0x08004d96   0x00000002   PAD
    0x08004d98   0x00000050   Code   RO          220    i.SystemInit        system_stm32f10x.o
    0x08004de8   0x00000048   Code   RO          527    i.TIM3_IRQHandler   timer.o
    0x08004e30   0x00000060   Code   RO          528    i.TIM3_Int_Init     timer.o
    0x08004e90   0x0000003c   Code   RO         2242    i.TIM4_IRQHandler   usmart.o
    0x08004ecc   0x00000088   Code   RO          531    i.TIM5_IRQHandler   timer.o
    0x08004f54   0x00000040   Code   RO          532    i.TIM6_IRQHandler   timer.o
    0x08004f94   0x00000006   Code   RO         1717    i.TIM_ClearFlag     stm32f10x_tim.o
    0x08004f9a   0x00000006   Code   RO         1718    i.TIM_ClearITPendingBit  stm32f10x_tim.o
    0x08004fa0   0x00000014   Code   RO         1723    i.TIM_Cmd           stm32f10x_tim.o
    0x08004fb4   0x00000004   Code   RO         1738    i.TIM_GetCapture1   stm32f10x_tim.o
    0x08004fb8   0x00000004   Code   RO         1742    i.TIM_GetCounter    stm32f10x_tim.o
    0x08004fbc   0x0000000e   Code   RO         1743    i.TIM_GetFlagStatus  stm32f10x_tim.o
    0x08004fca   0x00000018   Code   RO         1744    i.TIM_GetITStatus   stm32f10x_tim.o
    0x08004fe2   0x00000010   Code   RO         1748    i.TIM_ITConfig      stm32f10x_tim.o
    0x08004ff2   0x0000000c   Code   RO         1754    i.TIM_OC1PolarityConfig  stm32f10x_tim.o
    0x08004ffe   0x00000004   Code   RO         1782    i.TIM_SetAutoreload  stm32f10x_tim.o
    0x08005002   0x00000004   Code   RO         1788    i.TIM_SetCounter    stm32f10x_tim.o
    0x08005006   0x00000002   PAD
    0x08005008   0x0000009c   Code   RO         1794    i.TIM_TimeBaseInit  stm32f10x_tim.o
    0x080050a4   0x00000060   Code   RO         2243    i.Timer4_Init       usmart.o
    0x08005104   0x00000064   Code   RO          946    i.USART1_IRQHandler  usart.o
    0x08005168   0x00000014   Code   RO         1479    i.USART_Cmd         stm32f10x_usart.o
    0x0800517c   0x0000003e   Code   RO         1483    i.USART_GetITStatus  stm32f10x_usart.o
    0x080051ba   0x00000030   Code   RO         1485    i.USART_ITConfig    stm32f10x_usart.o
    0x080051ea   0x00000002   PAD
    0x080051ec   0x000000ac   Code   RO         1486    i.USART_Init        stm32f10x_usart.o
    0x08005298   0x00000008   Code   RO         1493    i.USART_ReceiveData  stm32f10x_usart.o
    0x080052a0   0x00000002   Code   RO          143    i.UsageFault_Handler  stm32f10x_it.o
    0x080052a2   0x0000000e   Code   RO         2449    i._is_digit         c_w.l(__printf_wp.o)
    0x080052b0   0x00000002   Code   RO          947    i._sys_exit         usart.o
    0x080052b2   0x00000002   PAD
    0x080052b4   0x00000064   Code   RO          696    i.cameraOperation   grey.o
    0x08005318   0x00000120   Code   RO          697    i.cameraRefresh     grey.o
    0x08005438   0x0000003c   Code   RO          698    i.changMidGrey      grey.o
    0x08005474   0x0000003c   Code   RO          891    i.delay_init        delay.o
    0x080054b0   0x00000034   Code   RO          892    i.delay_ms          delay.o
    0x080054e4   0x00000034   Code   RO          893    i.delay_us          delay.o
    0x08005518   0x00000018   Code   RO          948    i.fputc             usart.o
    0x08005530   0x0000010c   Code   RO          699    i.getCmdByDeviLoc   grey.o
    0x0800563c   0x00000124   Code   RO          789    i.getCmdBySlope     sendcmd.o
    0x08005760   0x00000070   Code   RO          700    i.getLineEdge       grey.o
    0x080057d0   0x00000184   Code   RO          701    i.getLineLocCompare2MidLine  grey.o
    0x08005954   0x0000006c   Code   RO          702    i.getLineWidth      grey.o
    0x080059c0   0x00000100   Code   RO          703    i.getOneSideUsefulLine  grey.o
    0x08005ac0   0x000000b4   Code   RO          704    i.getUsefulLine     grey.o
    0x08005b74   0x00000154   Code   RO            2    i.main              main.o
    0x08005cc8   0x0000001c   Code   RO          705    i.memsetBothBlackLoc  grey.o
    0x08005ce4   0x00000026   Code   RO          812    i.myOledShowInfo    oled.o
    0x08005d0a   0x00000002   PAD
    0x08005d0c   0x0000005c   Code   RO          706    i.printToUart       grey.o
    0x08005d68   0x00000004   Code   RO         2244    i.read_addr         usmart.o
    0x08005d6c   0x0000018c   Code   RO          772    i.regression        leastsquare.o
    0x08005ef8   0x000000a0   Code   RO          949    i.uart_init         usart.o
    0x08005f98   0x00000094   Code   RO         2245    i.usmart_cmd_rec    usmart.o
    0x0800602c   0x00000260   Code   RO         2246    i.usmart_exe        usmart.o
    0x0800628c   0x0000009c   Code   RO         2335    i.usmart_get_aparm  usmart_str.o
    0x08006328   0x0000002e   Code   RO         2336    i.usmart_get_cmdname  usmart_str.o
    0x08006356   0x00000002   PAD
    0x08006358   0x00000168   Code   RO         2337    i.usmart_get_fname  usmart_str.o
    0x080064c0   0x000000d0   Code   RO         2338    i.usmart_get_fparam  usmart_str.o
    0x08006590   0x00000024   Code   RO         2339    i.usmart_get_parmpos  usmart_str.o
    0x080065b4   0x00000038   Code   RO         2247    i.usmart_get_runtime  usmart.o
    0x080065ec   0x00000028   Code   RO         2248    i.usmart_init       usmart.o
    0x08006614   0x00000010   Code   RO         2340    i.usmart_pow        usmart_str.o
    0x08006624   0x00000030   Code   RO         2249    i.usmart_reset_runtime  usmart.o
    0x08006654   0x000000a4   Code   RO         2250    i.usmart_scan       usmart.o
    0x080066f8   0x00000010   Code   RO         2341    i.usmart_search_nextc  usmart_str.o
    0x08006708   0x000000a0   Code   RO         2342    i.usmart_str2num    usmart_str.o
    0x080067a8   0x00000018   Code   RO         2343    i.usmart_strcmp     usmart_str.o
    0x080067c0   0x00000012   Code   RO         2344    i.usmart_strcopy    usmart_str.o
    0x080067d2   0x00000012   Code   RO         2345    i.usmart_strlen     usmart_str.o
    0x080067e4   0x00000670   Code   RO         2251    i.usmart_sys_cmd_exe  usmart.o
    0x08006e54   0x00000004   Code   RO         2252    i.write_addr        usmart.o
    0x08006e58   0x00000150   Code   RO         2473    x$fpl$dadd          fz_ws.l(daddsub_clz.o)
    0x08006fa8   0x00000018   Code   RO         2511    x$fpl$dcmpinf       fz_ws.l(dcmpi.o)
    0x08006fc0   0x000002b0   Code   RO         2480    x$fpl$ddiv          fz_ws.l(ddiv.o)
    0x08007270   0x00000078   Code   RO         2483    x$fpl$deqf          fz_ws.l(deqf.o)
    0x080072e8   0x0000005a   Code   RO         2485    x$fpl$dfixu         fz_ws.l(dfixu.o)
    0x08007342   0x0000002e   Code   RO         2490    x$fpl$dflt          fz_ws.l(dflt_clz.o)
    0x08007370   0x00000026   Code   RO         2489    x$fpl$dfltu         fz_ws.l(dflt_clz.o)
    0x08007396   0x00000002   PAD
    0x08007398   0x00000078   Code   RO         2495    x$fpl$dleqf         fz_ws.l(dleqf.o)
    0x08007410   0x00000154   Code   RO         2497    x$fpl$dmul          fz_ws.l(dmul.o)
    0x08007564   0x0000009c   Code   RO         2513    x$fpl$dnaninf       fz_ws.l(dnaninf.o)
    0x08007600   0x0000000c   Code   RO         2515    x$fpl$dretinf       fz_ws.l(dretinf.o)
    0x0800760c   0x0000006c   Code   RO         2499    x$fpl$drleqf        fz_ws.l(drleqf.o)
    0x08007678   0x00000016   Code   RO         2474    x$fpl$drsb          fz_ws.l(daddsub_clz.o)
    0x0800768e   0x00000002   PAD
    0x08007690   0x000001d4   Code   RO         2475    x$fpl$dsub          fz_ws.l(daddsub_clz.o)
    0x08007864   0x00000000   Code   RO         2517    x$fpl$usenofp       fz_ws.l(usenofp.o)
    0x08007864   0x000017c0   Data   RO          310    .constdata          lcd.o
    0x08009024   0x00000156   Data   RO          592    .constdata          ov7670.o
    0x0800917a   0x00000a64   Data   RO          816    .constdata          oled.o
    0x08009bde   0x00000028   Data   RO         2422    .constdata          c_w.l(_printf_hex_int.o)
    0x08009c06   0x00000011   Data   RO         2457    .constdata          c_w.l(__printf_flags_ss_wp.o)
    0x08009c17   0x00000001   PAD
    0x08009c18   0x00000028   Data   RO         2253    .conststring        usmart.o
    0x08009c40   0x000000df   Data   RO         2318    .conststring        usmart_config.o
    0x08009d1f   0x00000001   PAD
    0x08009d20   0x00000020   Data   RO         2673    Region$$Table       anon$$obj.o


    Execution Region RW_IRAM1 (Base: 0x20000000, Size: 0x000030a8, Max: 0x00010000, ABSOLUTE, COMPRESSED[0x00000080])

    Base Addr    Size         Type   Attr      Idx    E Section Name        Object

    0x20000000   0x00000004   Data   RW            3    .data               main.o
    0x20000004   0x00000004   Data   RW            4    .data               main.o
    0x20000008   0x00000014   Data   RW          221    .data               system_stm32f10x.o
    0x2000001c   0x00000001   Data   RW          261    .data               key.o
    0x2000001d   0x00000001   PAD
    0x2000001e   0x00000004   Data   RW          311    .data               lcd.o
    0x20000022   0x00000001   Data   RW          479    .data               exti.o
    0x20000023   0x00000001   PAD
    0x20000024   0x00000004   Data   RW          535    .data               timer.o
    0x20000028   0x00000008   Data   RW          708    .data               grey.o
    0x20000030   0x00000008   Data   RW          773    .data               leastsquare.o
    0x20000038   0x00000001   Data   RW          774    .data               leastsquare.o
    0x20000039   0x00000001   PAD
    0x2000003a   0x00000004   Data   RW          894    .data               delay.o
    0x2000003e   0x00000002   Data   RW          951    .data               usart.o
    0x20000040   0x00000004   Data   RW          952    .data               usart.o
    0x20000044   0x00000014   Data   RW         1307    .data               stm32f10x_rcc.o
    0x20000058   0x0000001c   Data   RW         2254    .data               usmart.o
    0x20000074   0x00000038   Data   RW         2319    .data               usmart_config.o
    0x200000ac   0x000000f4   Data   RW         2320    .data               usmart_config.o
    0x200001a0   0x0000000e   Zero   RW          309    .bss                lcd.o
    0x200001ae   0x000025d0   Zero   RW          707    .bss                grey.o
    0x2000277e   0x00000400   Zero   RW          815    .bss                oled.o
    0x20002b7e   0x000000c8   Zero   RW          950    .bss                usart.o
    0x20002c46   0x00000002   PAD
    0x20002c48   0x00000060   Zero   RW         2552    .bss                c_w.l(libspace.o)
    0x20002ca8   0x00000000   Zero   RW          999    HEAP                startup_stm32f10x_hd.o
    0x20002ca8   0x00000400   Zero   RW          998    STACK               startup_stm32f10x_hd.o


==============================================================================

Image component sizes


      Code (inc. data)   RO Data    RW Data    ZI Data      Debug   Object Name

       164         26          0          4          0       1751   delay.o
       358         52          0          1          0       3538   exti.o
      1880        188          0          8       9680       9983   grey.o
       264         22          0          1          0       1282   key.o
     14200        182       6080          4         14      53233   lcd.o
       396          8          0          9          0       1825   leastsquare.o
        80         10          0          0          0        539   led.o
       380         92          0          8          0     264835   main.o
       144         16          0          0          0       2077   misc.o
       810         34       2660          0       1024       6663   oled.o
       394         20        342          0          0       2176   ov7670.o
       626         40          0          0          0       4991   sccb.o
       292         28          0          0          0        864   sendcmd.o
        60         22        304          0       1024        824   startup_stm32f10x_hd.o
       156         14          0          0          0       2180   stm32f10x_exti.o
       232          6          0          0          0       1905   stm32f10x_fsmc.o
       218          6          0          0          0       4078   stm32f10x_gpio.o
        18          0          0          0          0       3974   stm32f10x_it.o
       220         34          0         20          0       5082   stm32f10x_rcc.o
       270         42          0          0          0       8117   stm32f10x_tim.o
       310          6          0          0          0       4802   stm32f10x_usart.o
         0          0          0          0          0         32   sys.o
       248         24          0         20          0       1857   system_stm32f10x.o
       368         50          0          4          0       2758   timer.o
       286         26          0          6        200       4220   usart.o
      2876       1332         40         28          0       7746   usmart.o
         0          0        223        300          0       1736   usmart_config.o
      1058         20          0          0          0       7963   usmart_str.o

    ----------------------------------------------------------------------
     26326       2300       9682        416      11944     411031   Object Totals
         0          0         32          0          0          0   (incl. Generated)
        18          0          1          3          2          0   (incl. Padding)

    ----------------------------------------------------------------------

      Code (inc. data)   RO Data    RW Data    ZI Data      Debug   Library Member Name

        90          0          0          0          0          0   __dczerorl2.o
         8          0          0          0          0         68   __main.o
       392          4         17          0          0         92   __printf_flags_ss_wp.o
        14          0          0          0          0         68   __printf_wp.o
         0          0          0          0          0          0   __rtentry.o
        12          0          0          0          0          0   __rtentry2.o
         6          0          0          0          0          0   __rtentry4.o
        52          8          0          0          0          0   __scatter.o
        28          0          0          0          0          0   __scatter_zi.o
         6          0          0          0          0          0   _printf_c.o
        44          0          0          0          0        108   _printf_char.o
        48          6          0          0          0         96   _printf_char_common.o
        36          4          0          0          0         80   _printf_char_file.o
         6          0          0          0          0          0   _printf_d.o
       120         16          0          0          0         92   _printf_dec.o
        88          4         40          0          0         88   _printf_hex_int.o
       178          0          0          0          0         88   _printf_intcommon.o
        78          0          0          0          0        108   _printf_pad.o
         0          0          0          0          0          0   _printf_percent.o
         4          0          0          0          0          0   _printf_percent_end.o
         6          0          0          0          0          0   _printf_s.o
        82          0          0          0          0         80   _printf_str.o
         6          0          0          0          0          0   _printf_u.o
         6          0          0          0          0          0   _printf_x.o
        12          0          0          0          0         72   exit.o
         8          0          0          0          0         68   ferror.o
         6          0          0          0          0        152   heapauxi.o
         2          0          0          0          0          0   libinit.o
         2          0          0          0          0          0   libinit2.o
         2          0          0          0          0          0   libshutdown.o
         2          0          0          0          0          0   libshutdown2.o
         8          4          0          0         96         68   libspace.o
        24          4          0          0          0         84   noretval__2printf.o
        68          0          0          0          0         68   rt_memclr.o
        78          0          0          0          0         80   rt_memclr_w.o
         2          0          0          0          0          0   rtexit.o
        10          0          0          0          0          0   rtexit2.o
        74          0          0          0          0         80   sys_stackheap_outer.o
         2          0          0          0          0         68   use_no_semi.o
         2          0          0          0          0         68   use_no_semi_2.o
       826         16          0          0          0        348   daddsub_clz.o
        24          0          0          0          0         68   dcmpi.o
       688        140          0          0          0        208   ddiv.o
       120          4          0          0          0         92   deqf.o
        90          4          0          0          0         92   dfixu.o
        84          0          0          0          0        136   dflt_clz.o
       120          4          0          0          0         92   dleqf.o
       340         12          0          0          0        104   dmul.o
       156          4          0          0          0         92   dnaninf.o
        12          0          0          0          0         68   dretinf.o
       108          0          0          0          0         80   drleqf.o
         0          0          0          0          0          0   usenofp.o

    ----------------------------------------------------------------------
      4190        234         58          0         96       3156   Library Totals
        10          0          1          0          0          0   (incl. Padding)

    ----------------------------------------------------------------------

      Code (inc. data)   RO Data    RW Data    ZI Data      Debug   Library Name

      1612         50         57          0         96       1776   c_w.l
      2568        184          0          0          0       1380   fz_ws.l

    ----------------------------------------------------------------------
      4190        234         58          0         96       3156   Library Totals

    ----------------------------------------------------------------------

==============================================================================


      Code (inc. data)   RO Data    RW Data    ZI Data      Debug   

     30516       2534       9740        416      12040     405811   Grand Totals
     30516       2534       9740        128      12040     405811   ELF Image Totals (compressed)
     30516       2534       9740        128          0          0   ROM Totals

==============================================================================

    Total RO  Size (Code + RO Data)                40256 (  39.31kB)
    Total RW  Size (RW Data + ZI Data)             12456 (  12.16kB)
    Total ROM Size (Code + RO Data + RW Data)      40384 (  39.44kB)

==============================================================================

